2026-09-13 13:14:46.225 UTC  [INFORMATION]  Hosted payment token generation started. 
2026-09-13 13:14:48.332 UTC  [INFORMATION]  Hosted payment token generated successfully. OrderGuid=5018d017-f57a-4930-8bbb-575716508e0c, TokenLength=3109
2026-09-13 13:14:48.333 UTC  [INFORMATION]  Hosted payment page initialized successfully. OrderGuid=5018d017-f57a-4930-8bbb-575716508e0c
2026-09-13 13:19:53.700 UTC  [INFORMATION]  Hosted payment token generation started. 
2026-09-13 13:19:55.175 UTC  [INFORMATION]  Hosted payment token generated successfully. OrderGuid=76008002-befb-4831-8918-25e285481011, TokenLength=3109
2026-09-13 13:19:55.175 UTC  [INFORMATION]  Hosted payment page initialized successfully. OrderGuid=76008002-befb-4831-8918-25e285481011
2026-09-13 13:29:18.853 UTC  [INFORMATION]  Hosted payment token generation started. 
2026-09-13 13:29:20.370 UTC  [INFORMATION]  Hosted payment token generated successfully. OrderGuid=67ffcb37-9b77-469e-80de-e6a29a0795c5, TokenLength=3109
2026-09-13 13:29:20.372 UTC  [INFORMATION]  Hosted payment page initialized successfully. OrderGuid=67ffcb37-9b77-469e-80de-e6a29a0795c5
2026-09-13 13:29:51.597 UTC  [INFORMATION]  Hosted payment token generation started. 
2026-09-13 13:29:52.303 UTC  [INFORMATION]  Hosted payment token generated successfully. OrderGuid=4c9c2f8c-3434-451f-ae48-f4bf55c988d0, TokenLength=3109
2026-09-13 13:29:52.304 UTC  [INFORMATION]  Hosted payment page initialized successfully. OrderGuid=4c9c2f8c-3434-451f-ae48-f4bf55c988d0
2026-09-13 13:33:56.259 UTC  [INFORMATION]  GetToken: hosted payment token refresh started. 
2026-09-13 13:33:56.476 UTC  [ERROR]  Hosted payment token generation failed. OrderGuid=c18f40c2-4176-4725-9827-9630841b66d1, Error=Value cannot be null. (Parameter 'customer')CustomerId=1501690payload=
    Exception: ArgumentNullException - Value cannot be null. (Parameter 'customer')
    StackTrace:    at System.ArgumentNullException.Throw(String paramName)
   at System.ArgumentNullException.ThrowIfNull(Object argument, String paramName)
   at Nop.Services.Customers.CustomerService.IsInCustomerRoleAsync(Customer customer, String customerRoleSystemName, Boolean onlyActiveCustomerRoles) in D:\Mind web Tree\Slc4.9\Source Code\Libraries\Nop.Services\Customers\CustomerService.cs:line 1308
   at Nop.Services.Customers.CustomerService.IsRegisteredAsync(Customer customer, Boolean onlyActiveCustomerRoles) in D:\Mind web Tree\Slc4.9\Source Code\Libraries\Nop.Services\Customers\CustomerService.cs:line 1355
   at MWT.Nop.Core.Services.Customers.CustomerExtendedService.IsCustomerEligibleForMemberShipDiscount(Customer customer) in D:\Mind web Tree\Slc4.9\Source Code\MWT.Nop.Core\Services\Customers\CustomerExtendedService.cs:line 54
   at MWT.Nop.Core.Services.Orders.OrderTotalCalculationExtendedService.GetCustomBuyMoreSaveMoreDiscountAndMemberShipDiscountAsync(IList`1 cart, Boolean isOrderTotalpassed, Decimal subTotalIncTax, Decimal subTotalExcTax) in D:\Mind web Tree\Slc4.9\Source Code\MWT.Nop.Core\Services\Orders\OrderTotalCalculationExtendedService.cs:line 245
   at MWT.Nop.Core.Services.Orders.OrderTotalCalculationExtendedService.GetShoppingCartTotalAsync(IList`1 cart, Nullable`1 useRewardPoints, Boolean usePaymentMethodAdditionalFee) in D:\Mind web Tree\Slc4.9\Source Code\MWT.Nop.Core\Services\Orders\OrderTotalCalculationExtendedService.cs:line 1055
   at Nop.Plugin.Payments.AuthorizeNetHosted.Services.AuthorizeNetManager.GetHostedFormToken(Int32 invoiceId, Object additionalData) in D:\Mind web Tree\Slc4.9\Source Code\Plugins\Nop.Plugin.Payments.AuthorizeNetHosted\Services\AuthorizeNetManager.cs:line 588
2026-09-13 13:33:56.545 UTC  [ERROR]  GetToken: hosted payment token refresh failed. OrderGuid=406ff96b-55e6-4eed-bdf4-f201287bb996, Error=Value cannot be null. (Parameter 'customer')
    Exception: ArgumentNullException - Value cannot be null. (Parameter 'customer')
    StackTrace:    at Nop.Plugin.Payments.AuthorizeNetHosted.Services.AuthorizeNetManager.GetHostedFormToken(Int32 invoiceId, Object additionalData) in D:\Mind web Tree\Slc4.9\Source Code\Plugins\Nop.Plugin.Payments.AuthorizeNetHosted\Services\AuthorizeNetManager.cs:line 709
   at Nop.Plugin.Payments.AuthorizeNetHosted.Controllers.AuthorizeNetHostedPaymentController.GetToken(Int32 invoiceId) in D:\Mind web Tree\Slc4.9\Source Code\Plugins\Nop.Plugin.Payments.AuthorizeNetHosted\Controllers\AuthorizeNetHostedPaymentController.cs:line 214
2026-09-13 13:40:43.902 UTC  [INFORMATION]  Hosted payment token generation started. 
2026-09-13 13:40:45.861 UTC  [INFORMATION]  Hosted payment token generated successfully. OrderGuid=c21e0594-c426-4697-b4e5-9a42dfa4f837, TokenLength=3109
2026-09-13 13:40:45.861 UTC  [INFORMATION]  Hosted payment page initialized successfully. OrderGuid=c21e0594-c426-4697-b4e5-9a42dfa4f837
2026-09-13 13:41:18.342 UTC  [INFORMATION]  Hosted payment token generation started. 
2026-09-13 13:41:19.083 UTC  [INFORMATION]  Hosted payment token generated successfully. OrderGuid=3b627833-a489-4c38-ba5a-648abaeff8dc, TokenLength=3109
2026-09-13 13:41:19.085 UTC  [INFORMATION]  Hosted payment page initialized successfully. OrderGuid=3b627833-a489-4c38-ba5a-648abaeff8dc
2026-09-13 13:42:26.454 UTC  [INFORMATION]  Hosted payment token generation started. 
2026-09-13 13:42:27.996 UTC  [INFORMATION]  Hosted payment token generated successfully. OrderGuid=0b4785ca-5628-48b1-991a-7d5e5bc963d7, TokenLength=3109
2026-09-13 13:42:27.997 UTC  [INFORMATION]  Hosted payment page initialized successfully. OrderGuid=0b4785ca-5628-48b1-991a-7d5e5bc963d7
2026-09-13 13:46:07.036 UTC  [INFORMATION]  ProcessPayment: Started  CustomerId=1501674, OrderGuid=0ab4369c-a119-45a8-995f-b663f500f8e4, IsCustomOrder=True CustomOrderNumber=26308, AuthorizenetHostedaymentDataValue=eyJjb2RlIjoiNTBfMl8wNjAwMDUzNkZGODEyQzMyQTcyQ0M2RjJBNkFBNjk2OTlEQjMyQzM4NjNBNjIyRjI3QTE2MTI4RUY1MDIxMjVBOTdFQ0FGODZDMjNFMThBRDc4QkY1OTEyNUI1N0Q5MzUzMDk3NEEyIiwidG9rZW4iOiI5MjQ3MTM1MzUzNTMwNDgwNDQyMjk3IiwidiI6IjEuMSJ9 AuthorizenetHostedPaymentdataDescriptor=COMMON.ACCEPT.INAPP.PAYMENT
2026-09-13 13:46:07.037 UTC  [INFORMATION]  ProcessPayment: Going to process Transaction, CustomerId=1501674, OrderGuid=0ab4369c-a119-45a8-995f-b663f500f8e4, IsCustomOrder=True CustomOrderNumber=26308, AuthorizenetHostedaymentDataValue=eyJjb2RlIjoiNTBfMl8wNjAwMDUzNkZGODEyQzMyQTcyQ0M2RjJBNkFBNjk2OTlEQjMyQzM4NjNBNjIyRjI3QTE2MTI4RUY1MDIxMjVBOTdFQ0FGODZDMjNFMThBRDc4QkY1OTEyNUI1N0Q5MzUzMDk3NEEyIiwidG9rZW4iOiI5MjQ3MTM1MzUzNTMwNDgwNDQyMjk3IiwidiI6IjEuMSJ9 AuthorizenetHostedPaymentdataDescriptor=COMMON.ACCEPT.INAPP.PAYMENT
2026-09-13 13:46:09.150 UTC  [INFORMATION]  ProcessPayment: Transaction processed successfully, CustomerId=1501674, OrderGuid=0ab4369c-a119-45a8-995f-b663f500f8e4, IsCustomOrder=True CustomOrderNumber=26308, AuthorizenetHostedaymentDataValue=eyJjb2RlIjoiNTBfMl8wNjAwMDUzNkZGODEyQzMyQTcyQ0M2RjJBNkFBNjk2OTlEQjMyQzM4NjNBNjIyRjI3QTE2MTI4RUY1MDIxMjVBOTdFQ0FGODZDMjNFMThBRDc4QkY1OTEyNUI1N0Q5MzUzMDk3NEEyIiwidG9rZW4iOiI5MjQ3MTM1MzUzNTMwNDgwNDQyMjk3IiwidiI6IjEuMSJ9 AuthorizenetHostedPaymentdataDescriptor=COMMON.ACCEPT.INAPP.PAYMENT
2026-09-13 13:46:09.170 UTC  [INFORMATION]  ProcessPayment: Process started to create CIM 120090056481 CustomerId=1501674, OrderGuid=0ab4369c-a119-45a8-995f-b663f500f8e4, IsCustomOrder=True CustomOrderNumber=26308, AuthorizenetHostedaymentDataValue=eyJjb2RlIjoiNTBfMl8wNjAwMDUzNkZGODEyQzMyQTcyQ0M2RjJBNkFBNjk2OTlEQjMyQzM4NjNBNjIyRjI3QTE2MTI4RUY1MDIxMjVBOTdFQ0FGODZDMjNFMThBRDc4QkY1OTEyNUI1N0Q5MzUzMDk3NEEyIiwidG9rZW4iOiI5MjQ3MTM1MzUzNTMwNDgwNDQyMjk3IiwidiI6IjEuMSJ9 AuthorizenetHostedPaymentdataDescriptor=COMMON.ACCEPT.INAPP.PAYMENT TransId=120090056481
2026-09-13 13:46:09.173 UTC  [INFORMATION]  CreateProfileFromTransaction started. CustomerId=1501674, TransId=120090056481, ExistingProfileId=
2026-09-13 13:46:09.918 UTC  [INFORMATION]  CreateProfileFromTransaction message. TransId=120090056481, Code=I00001, Text=Successful.
2026-09-13 13:46:09.918 UTC  [INFORMATION]  CreateProfileFromTransaction succeeded. CustomerId=1501674, TransId=120090056481, CustomerProfileId=937730587, PaymentProfileId=937062157
2026-09-13 13:46:09.968 UTC  [INFORMATION]  Payment Profile: Process Complete to create CIM 120090056481 CustomerId=1501674, OrderGuid=0ab4369c-a119-45a8-995f-b663f500f8e4, IsCustomOrder=True CustomOrderNumber=26308, AuthorizenetHostedaymentDataValue=eyJjb2RlIjoiNTBfMl8wNjAwMDUzNkZGODEyQzMyQTcyQ0M2RjJBNkFBNjk2OTlEQjMyQzM4NjNBNjIyRjI3QTE2MTI4RUY1MDIxMjVBOTdFQ0FGODZDMjNFMThBRDc4QkY1OTEyNUI1N0Q5MzUzMDk3NEEyIiwidG9rZW4iOiI5MjQ3MTM1MzUzNTMwNDgwNDQyMjk3IiwidiI6IjEuMSJ9 AuthorizenetHostedPaymentdataDescriptor=COMMON.ACCEPT.INAPP.PAYMENT TransId=120090056481
2026-09-13 13:46:09.968 UTC  [INFORMATION]  ProcessPayment Completed. TransId=120090056481, CustomerId=1501674, OrderGuid=0ab4369c-a119-45a8-995f-b663f500f8e4
2026-09-13 13:50:29.330 UTC  [INFORMATION]  ProcessPayment: Started  CustomerId=1501674, OrderGuid=14fa7c8c-f6c8-42fe-a99d-a891a414e7e4, IsCustomOrder=True CustomOrderNumber=26308, AuthorizenetHostedaymentDataValue=eyJjb2RlIjoiNTBfMl8wNjAwMDUyQkE4NUVDRDk1NkU1Q0JGMDdBRkRFQjIzQUU5MkQ5MTIxMzIyRUI3MjE5NjZGQUJDRTE5Rjg0RTg0MTlGM0YwQ0RBQzRENUUzOUZFMUI5MDQyMDI2NTU5MDY0QjM4RTFDIiwidG9rZW4iOiI5MjQ3MTg0MTk0Nzk3MzQ4MzQ1NjgzIiwidiI6IjEuMSJ9 AuthorizenetHostedPaymentdataDescriptor=COMMON.ACCEPT.INAPP.PAYMENT
2026-09-13 13:50:29.331 UTC  [INFORMATION]  ProcessPayment: Going to process Transaction, CustomerId=1501674, OrderGuid=14fa7c8c-f6c8-42fe-a99d-a891a414e7e4, IsCustomOrder=True CustomOrderNumber=26308, AuthorizenetHostedaymentDataValue=eyJjb2RlIjoiNTBfMl8wNjAwMDUyQkE4NUVDRDk1NkU1Q0JGMDdBRkRFQjIzQUU5MkQ5MTIxMzIyRUI3MjE5NjZGQUJDRTE5Rjg0RTg0MTlGM0YwQ0RBQzRENUUzOUZFMUI5MDQyMDI2NTU5MDY0QjM4RTFDIiwidG9rZW4iOiI5MjQ3MTg0MTk0Nzk3MzQ4MzQ1NjgzIiwidiI6IjEuMSJ9 AuthorizenetHostedPaymentdataDescriptor=COMMON.ACCEPT.INAPP.PAYMENT
2026-09-13 13:50:30.954 UTC  [INFORMATION]  ProcessPayment: Transaction processed successfully, CustomerId=1501674, OrderGuid=14fa7c8c-f6c8-42fe-a99d-a891a414e7e4, IsCustomOrder=True CustomOrderNumber=26308, AuthorizenetHostedaymentDataValue=eyJjb2RlIjoiNTBfMl8wNjAwMDUyQkE4NUVDRDk1NkU1Q0JGMDdBRkRFQjIzQUU5MkQ5MTIxMzIyRUI3MjE5NjZGQUJDRTE5Rjg0RTg0MTlGM0YwQ0RBQzRENUUzOUZFMUI5MDQyMDI2NTU5MDY0QjM4RTFDIiwidG9rZW4iOiI5MjQ3MTg0MTk0Nzk3MzQ4MzQ1NjgzIiwidiI6IjEuMSJ9 AuthorizenetHostedPaymentdataDescriptor=COMMON.ACCEPT.INAPP.PAYMENT
2026-09-13 13:50:30.966 UTC  [INFORMATION]  ProcessPayment Completed. TransId=120090056537, CustomerId=1501674, OrderGuid=14fa7c8c-f6c8-42fe-a99d-a891a414e7e4
2026-09-13 13:54:53.148 UTC  [INFORMATION]  ProcessPayment: Started  CustomerId=1501674, OrderGuid=04ca37d1-eb09-489d-a97a-bbd645eeb18f, IsCustomOrder=True CustomOrderNumber=26309, AuthorizenetHostedaymentDataValue=eyJjb2RlIjoiNTBfMl8wNjAwMDUzRUJFNzNENUJBMzNDOTc1OUYzRDMyQTMyQ0ExMzEyNDk3MTIyOEU1REVBMEFGRTZCNUZGNzRDRjEyNzVCODE0NjQwN0U1OTRCMDU1MzMxQUE2NTA5MDZBNDZCM0QzRTMyIiwidG9rZW4iOiI5MjQ3MTc3MzMzNzk4NTY0NTIyODQ1IiwidiI6IjEuMSJ9 AuthorizenetHostedPaymentdataDescriptor=COMMON.ACCEPT.INAPP.PAYMENT
2026-09-13 13:54:53.148 UTC  [INFORMATION]  ProcessPayment: Going to process Transaction, CustomerId=1501674, OrderGuid=04ca37d1-eb09-489d-a97a-bbd645eeb18f, IsCustomOrder=True CustomOrderNumber=26309, AuthorizenetHostedaymentDataValue=eyJjb2RlIjoiNTBfMl8wNjAwMDUzRUJFNzNENUJBMzNDOTc1OUYzRDMyQTMyQ0ExMzEyNDk3MTIyOEU1REVBMEFGRTZCNUZGNzRDRjEyNzVCODE0NjQwN0U1OTRCMDU1MzMxQUE2NTA5MDZBNDZCM0QzRTMyIiwidG9rZW4iOiI5MjQ3MTc3MzMzNzk4NTY0NTIyODQ1IiwidiI6IjEuMSJ9 AuthorizenetHostedPaymentdataDescriptor=COMMON.ACCEPT.INAPP.PAYMENT
2026-09-13 13:54:55.098 UTC  [INFORMATION]  ProcessPayment: Transaction processed successfully, CustomerId=1501674, OrderGuid=04ca37d1-eb09-489d-a97a-bbd645eeb18f, IsCustomOrder=True CustomOrderNumber=26309, AuthorizenetHostedaymentDataValue=eyJjb2RlIjoiNTBfMl8wNjAwMDUzRUJFNzNENUJBMzNDOTc1OUYzRDMyQTMyQ0ExMzEyNDk3MTIyOEU1REVBMEFGRTZCNUZGNzRDRjEyNzVCODE0NjQwN0U1OTRCMDU1MzMxQUE2NTA5MDZBNDZCM0QzRTMyIiwidG9rZW4iOiI5MjQ3MTc3MzMzNzk4NTY0NTIyODQ1IiwidiI6IjEuMSJ9 AuthorizenetHostedPaymentdataDescriptor=COMMON.ACCEPT.INAPP.PAYMENT
2026-09-13 13:54:55.120 UTC  [INFORMATION]  ProcessPayment: Process started to create CIM 120090056598 CustomerId=1501674, OrderGuid=04ca37d1-eb09-489d-a97a-bbd645eeb18f, IsCustomOrder=True CustomOrderNumber=26309, AuthorizenetHostedaymentDataValue=eyJjb2RlIjoiNTBfMl8wNjAwMDUzRUJFNzNENUJBMzNDOTc1OUYzRDMyQTMyQ0ExMzEyNDk3MTIyOEU1REVBMEFGRTZCNUZGNzRDRjEyNzVCODE0NjQwN0U1OTRCMDU1MzMxQUE2NTA5MDZBNDZCM0QzRTMyIiwidG9rZW4iOiI5MjQ3MTc3MzMzNzk4NTY0NTIyODQ1IiwidiI6IjEuMSJ9 AuthorizenetHostedPaymentdataDescriptor=COMMON.ACCEPT.INAPP.PAYMENT TransId=120090056598
2026-09-13 13:54:55.121 UTC  [INFORMATION]  CreateProfileFromTransaction started. CustomerId=1501674, TransId=120090056598, ExistingProfileId=937730587
2026-09-13 13:54:56.438 UTC  [INFORMATION]  CreateProfileFromTransaction message. TransId=120090056598, Code=I00001, Text=Successful.
2026-09-13 13:54:56.439 UTC  [INFORMATION]  CreateProfileFromTransaction succeeded. CustomerId=1501674, TransId=120090056598, CustomerProfileId=937730587, PaymentProfileId=937062157
2026-09-13 13:54:56.469 UTC  [INFORMATION]  Payment Profile: Process Complete to create CIM 120090056598 CustomerId=1501674, OrderGuid=04ca37d1-eb09-489d-a97a-bbd645eeb18f, IsCustomOrder=True CustomOrderNumber=26309, AuthorizenetHostedaymentDataValue=eyJjb2RlIjoiNTBfMl8wNjAwMDUzRUJFNzNENUJBMzNDOTc1OUYzRDMyQTMyQ0ExMzEyNDk3MTIyOEU1REVBMEFGRTZCNUZGNzRDRjEyNzVCODE0NjQwN0U1OTRCMDU1MzMxQUE2NTA5MDZBNDZCM0QzRTMyIiwidG9rZW4iOiI5MjQ3MTc3MzMzNzk4NTY0NTIyODQ1IiwidiI6IjEuMSJ9 AuthorizenetHostedPaymentdataDescriptor=COMMON.ACCEPT.INAPP.PAYMENT TransId=120090056598
2026-09-13 13:54:56.469 UTC  [INFORMATION]  ProcessPayment Completed. TransId=120090056598, CustomerId=1501674, OrderGuid=04ca37d1-eb09-489d-a97a-bbd645eeb18f
2026-09-13 13:56:29.306 UTC  [INFORMATION]  GetToken: hosted payment token refresh started. 
2026-09-13 13:56:29.680 UTC  [ERROR]  Hosted payment token generation failed. OrderGuid=5200a0b0-a907-4150-b7e6-f21ac355f704, Error=Value cannot be null. (Parameter 'customer')CustomerId=1501690payload=
    Exception: ArgumentNullException - Value cannot be null. (Parameter 'customer')
    StackTrace:    at System.ArgumentNullException.Throw(String paramName)
   at System.ArgumentNullException.ThrowIfNull(Object argument, String paramName)
   at Nop.Services.Customers.CustomerService.IsInCustomerRoleAsync(Customer customer, String customerRoleSystemName, Boolean onlyActiveCustomerRoles) in D:\Mind web Tree\Slc4.9\Source Code\Libraries\Nop.Services\Customers\CustomerService.cs:line 1308
   at Nop.Services.Customers.CustomerService.IsRegisteredAsync(Customer customer, Boolean onlyActiveCustomerRoles) in D:\Mind web Tree\Slc4.9\Source Code\Libraries\Nop.Services\Customers\CustomerService.cs:line 1355
   at MWT.Nop.Core.Services.Customers.CustomerExtendedService.IsCustomerEligibleForMemberShipDiscount(Customer customer) in D:\Mind web Tree\Slc4.9\Source Code\MWT.Nop.Core\Services\Customers\CustomerExtendedService.cs:line 54
   at MWT.Nop.Core.Services.Orders.OrderTotalCalculationExtendedService.GetCustomBuyMoreSaveMoreDiscountAndMemberShipDiscountAsync(IList`1 cart, Boolean isOrderTotalpassed, Decimal subTotalIncTax, Decimal subTotalExcTax) in D:\Mind web Tree\Slc4.9\Source Code\MWT.Nop.Core\Services\Orders\OrderTotalCalculationExtendedService.cs:line 245
   at MWT.Nop.Core.Services.Orders.OrderTotalCalculationExtendedService.GetShoppingCartTotalAsync(IList`1 cart, Nullable`1 useRewardPoints, Boolean usePaymentMethodAdditionalFee) in D:\Mind web Tree\Slc4.9\Source Code\MWT.Nop.Core\Services\Orders\OrderTotalCalculationExtendedService.cs:line 1055
   at Nop.Plugin.Payments.AuthorizeNetHosted.Services.AuthorizeNetManager.GetHostedFormToken(Int32 invoiceId, Object additionalData) in D:\Mind web Tree\Slc4.9\Source Code\Plugins\Nop.Plugin.Payments.AuthorizeNetHosted\Services\AuthorizeNetManager.cs:line 588
2026-09-13 13:56:29.729 UTC  [ERROR]  GetToken: hosted payment token refresh failed. OrderGuid=92f22fb5-9b13-44fb-8558-a080a9ac4714, Error=Value cannot be null. (Parameter 'customer')
    Exception: ArgumentNullException - Value cannot be null. (Parameter 'customer')
    StackTrace:    at Nop.Plugin.Payments.AuthorizeNetHosted.Services.AuthorizeNetManager.GetHostedFormToken(Int32 invoiceId, Object additionalData) in D:\Mind web Tree\Slc4.9\Source Code\Plugins\Nop.Plugin.Payments.AuthorizeNetHosted\Services\AuthorizeNetManager.cs:line 709
   at Nop.Plugin.Payments.AuthorizeNetHosted.Controllers.AuthorizeNetHostedPaymentController.GetToken(Int32 invoiceId) in D:\Mind web Tree\Slc4.9\Source Code\Plugins\Nop.Plugin.Payments.AuthorizeNetHosted\Controllers\AuthorizeNetHostedPaymentController.cs:line 214
2026-09-13 14:01:30.663 UTC  [INFORMATION]  ProcessPayment: Started  CustomerId=1501674, OrderGuid=dfff1549-21bc-4bcc-bd98-4bac0dec275f, IsCustomOrder=True CustomOrderNumber=26310, AuthorizenetHostedaymentDataValue=eyJjb2RlIjoiNTBfMl8wNjAwMDUzNUFEMzhBMEQ1NDdCN0M1MDk5QzVERTY0M0VERjk0NDdCMzhBQTdDMDU1RTgxOTQ3QzBDNkVEQzhENEQyMDdBODgxRkJGMTRCN0UwRUM3MjlBQTU5M0U0NjUyOTJDNERCIiwidG9rZW4iOiI5MjQ3Mjk1NzA1NjIxNDc1NzAzMzgyIiwidiI6IjEuMSJ9 AuthorizenetHostedPaymentdataDescriptor=COMMON.ACCEPT.INAPP.PAYMENT
2026-09-13 14:01:30.664 UTC  [INFORMATION]  ProcessPayment: Going to process Transaction, CustomerId=1501674, OrderGuid=dfff1549-21bc-4bcc-bd98-4bac0dec275f, IsCustomOrder=True CustomOrderNumber=26310, AuthorizenetHostedaymentDataValue=eyJjb2RlIjoiNTBfMl8wNjAwMDUzNUFEMzhBMEQ1NDdCN0M1MDk5QzVERTY0M0VERjk0NDdCMzhBQTdDMDU1RTgxOTQ3QzBDNkVEQzhENEQyMDdBODgxRkJGMTRCN0UwRUM3MjlBQTU5M0U0NjUyOTJDNERCIiwidG9rZW4iOiI5MjQ3Mjk1NzA1NjIxNDc1NzAzMzgyIiwidiI6IjEuMSJ9 AuthorizenetHostedPaymentdataDescriptor=COMMON.ACCEPT.INAPP.PAYMENT
2026-09-13 14:01:33.152 UTC  [INFORMATION]  ProcessPayment: Transaction processed successfully, CustomerId=1501674, OrderGuid=dfff1549-21bc-4bcc-bd98-4bac0dec275f, IsCustomOrder=True CustomOrderNumber=26310, AuthorizenetHostedaymentDataValue=eyJjb2RlIjoiNTBfMl8wNjAwMDUzNUFEMzhBMEQ1NDdCN0M1MDk5QzVERTY0M0VERjk0NDdCMzhBQTdDMDU1RTgxOTQ3QzBDNkVEQzhENEQyMDdBODgxRkJGMTRCN0UwRUM3MjlBQTU5M0U0NjUyOTJDNERCIiwidG9rZW4iOiI5MjQ3Mjk1NzA1NjIxNDc1NzAzMzgyIiwidiI6IjEuMSJ9 AuthorizenetHostedPaymentdataDescriptor=COMMON.ACCEPT.INAPP.PAYMENT
2026-09-13 14:01:33.173 UTC  [INFORMATION]  ProcessPayment Completed. TransId=120090056840, CustomerId=1501674, OrderGuid=dfff1549-21bc-4bcc-bd98-4bac0dec275f
2026-09-13 14:03:51.999 UTC  [INFORMATION]  ProcessPayment: Started  CustomerId=1501674, OrderGuid=c14e0174-6fa3-40f5-9a55-afe3651a6b4b, IsCustomOrder=True CustomOrderNumber=26311, AuthorizenetHostedaymentDataValue=eyJjb2RlIjoiNTBfMl8wNjAwMDUyQjMxNUFGMEMzODI1ODY4ODZDQ0E3QURERDUwRkRENUFCRDcxODgwMjY0RjdENkY1NUMxMTBDOUIxNkZGRDA2NUJENUM0RTgyOTIxREU4MTMwMzhDNjY3RTNBMTFFRUFDIiwidG9rZW4iOiI5MjQ3MjIwNTczOTYyMDEzNTcwMzc5IiwidiI6IjEuMSJ9 AuthorizenetHostedPaymentdataDescriptor=COMMON.ACCEPT.INAPP.PAYMENT
2026-09-13 14:03:52.000 UTC  [INFORMATION]  ProcessPayment: Going to process Transaction, CustomerId=1501674, OrderGuid=c14e0174-6fa3-40f5-9a55-afe3651a6b4b, IsCustomOrder=True CustomOrderNumber=26311, AuthorizenetHostedaymentDataValue=eyJjb2RlIjoiNTBfMl8wNjAwMDUyQjMxNUFGMEMzODI1ODY4ODZDQ0E3QURERDUwRkRENUFCRDcxODgwMjY0RjdENkY1NUMxMTBDOUIxNkZGRDA2NUJENUM0RTgyOTIxREU4MTMwMzhDNjY3RTNBMTFFRUFDIiwidG9rZW4iOiI5MjQ3MjIwNTczOTYyMDEzNTcwMzc5IiwidiI6IjEuMSJ9 AuthorizenetHostedPaymentdataDescriptor=COMMON.ACCEPT.INAPP.PAYMENT
2026-09-13 14:03:54.126 UTC  [INFORMATION]  ProcessPayment: Transaction processed successfully, CustomerId=1501674, OrderGuid=c14e0174-6fa3-40f5-9a55-afe3651a6b4b, IsCustomOrder=True CustomOrderNumber=26311, AuthorizenetHostedaymentDataValue=eyJjb2RlIjoiNTBfMl8wNjAwMDUyQjMxNUFGMEMzODI1ODY4ODZDQ0E3QURERDUwRkRENUFCRDcxODgwMjY0RjdENkY1NUMxMTBDOUIxNkZGRDA2NUJENUM0RTgyOTIxREU4MTMwMzhDNjY3RTNBMTFFRUFDIiwidG9rZW4iOiI5MjQ3MjIwNTczOTYyMDEzNTcwMzc5IiwidiI6IjEuMSJ9 AuthorizenetHostedPaymentdataDescriptor=COMMON.ACCEPT.INAPP.PAYMENT
2026-09-13 14:03:54.137 UTC  [INFORMATION]  ProcessPayment: Process started to create CIM 120090056911 CustomerId=1501674, OrderGuid=c14e0174-6fa3-40f5-9a55-afe3651a6b4b, IsCustomOrder=True CustomOrderNumber=26311, AuthorizenetHostedaymentDataValue=eyJjb2RlIjoiNTBfMl8wNjAwMDUyQjMxNUFGMEMzODI1ODY4ODZDQ0E3QURERDUwRkRENUFCRDcxODgwMjY0RjdENkY1NUMxMTBDOUIxNkZGRDA2NUJENUM0RTgyOTIxREU4MTMwMzhDNjY3RTNBMTFFRUFDIiwidG9rZW4iOiI5MjQ3MjIwNTczOTYyMDEzNTcwMzc5IiwidiI6IjEuMSJ9 AuthorizenetHostedPaymentdataDescriptor=COMMON.ACCEPT.INAPP.PAYMENT TransId=120090056911
2026-09-13 14:03:54.140 UTC  [INFORMATION]  CreateProfileFromTransaction started. CustomerId=1501674, TransId=120090056911, ExistingProfileId=937730587
2026-09-13 14:03:55.835 UTC  [INFORMATION]  CreateProfileFromTransaction message. TransId=120090056911, Code=I00001, Text=Successful.
2026-09-13 14:03:55.835 UTC  [INFORMATION]  CreateProfileFromTransaction succeeded. CustomerId=1501674, TransId=120090056911, CustomerProfileId=937730587, PaymentProfileId=937062157
2026-09-13 14:03:55.869 UTC  [INFORMATION]  Payment Profile: Process Complete to create CIM 120090056911 CustomerId=1501674, OrderGuid=c14e0174-6fa3-40f5-9a55-afe3651a6b4b, IsCustomOrder=True CustomOrderNumber=26311, AuthorizenetHostedaymentDataValue=eyJjb2RlIjoiNTBfMl8wNjAwMDUyQjMxNUFGMEMzODI1ODY4ODZDQ0E3QURERDUwRkRENUFCRDcxODgwMjY0RjdENkY1NUMxMTBDOUIxNkZGRDA2NUJENUM0RTgyOTIxREU4MTMwMzhDNjY3RTNBMTFFRUFDIiwidG9rZW4iOiI5MjQ3MjIwNTczOTYyMDEzNTcwMzc5IiwidiI6IjEuMSJ9 AuthorizenetHostedPaymentdataDescriptor=COMMON.ACCEPT.INAPP.PAYMENT TransId=120090056911
2026-09-13 14:03:55.870 UTC  [INFORMATION]  ProcessPayment Completed. TransId=120090056911, CustomerId=1501674, OrderGuid=c14e0174-6fa3-40f5-9a55-afe3651a6b4b
2026-09-13 14:10:58.091 UTC  [INFORMATION]  ProcessPayment: Started  CustomerId=1501674, OrderGuid=79cc6c09-2372-4e25-821c-d3c202404cda, IsCustomOrder=True CustomOrderNumber=26312, AuthorizenetHostedaymentDataValue=eyJjb2RlIjoiNTBfMl8wNjAwMDUzNDg1NDRBQTc2NjFDRTM2NUIwNjgzRTNGNTEyNjY5OEQwQUVGQjhBMzFFMzIwMzdDMTdDMTcyREEzNzk0OTQyNzVFN0U1ODFDNDBCNzFCRkEzRkM3MEMyODlCODgzRUQyIiwidG9rZW4iOiI5MjQ3MTc2Mjc0NDI0NjM3MDU1Njg5IiwidiI6IjEuMSJ9 AuthorizenetHostedPaymentdataDescriptor=COMMON.ACCEPT.INAPP.PAYMENT
2026-09-13 14:10:58.091 UTC  [INFORMATION]  ProcessPayment: Going to process Transaction, CustomerId=1501674, OrderGuid=79cc6c09-2372-4e25-821c-d3c202404cda, IsCustomOrder=True CustomOrderNumber=26312, AuthorizenetHostedaymentDataValue=eyJjb2RlIjoiNTBfMl8wNjAwMDUzNDg1NDRBQTc2NjFDRTM2NUIwNjgzRTNGNTEyNjY5OEQwQUVGQjhBMzFFMzIwMzdDMTdDMTcyREEzNzk0OTQyNzVFN0U1ODFDNDBCNzFCRkEzRkM3MEMyODlCODgzRUQyIiwidG9rZW4iOiI5MjQ3MTc2Mjc0NDI0NjM3MDU1Njg5IiwidiI6IjEuMSJ9 AuthorizenetHostedPaymentdataDescriptor=COMMON.ACCEPT.INAPP.PAYMENT
2026-09-13 14:10:59.740 UTC  [INFORMATION]  ProcessPayment: Transaction processed successfully, CustomerId=1501674, OrderGuid=79cc6c09-2372-4e25-821c-d3c202404cda, IsCustomOrder=True CustomOrderNumber=26312, AuthorizenetHostedaymentDataValue=eyJjb2RlIjoiNTBfMl8wNjAwMDUzNDg1NDRBQTc2NjFDRTM2NUIwNjgzRTNGNTEyNjY5OEQwQUVGQjhBMzFFMzIwMzdDMTdDMTcyREEzNzk0OTQyNzVFN0U1ODFDNDBCNzFCRkEzRkM3MEMyODlCODgzRUQyIiwidG9rZW4iOiI5MjQ3MTc2Mjc0NDI0NjM3MDU1Njg5IiwidiI6IjEuMSJ9 AuthorizenetHostedPaymentdataDescriptor=COMMON.ACCEPT.INAPP.PAYMENT
2026-09-13 14:10:59.750 UTC  [INFORMATION]  ProcessPayment: Process started to create CIM 120090057087 CustomerId=1501674, OrderGuid=79cc6c09-2372-4e25-821c-d3c202404cda, IsCustomOrder=True CustomOrderNumber=26312, AuthorizenetHostedaymentDataValue=eyJjb2RlIjoiNTBfMl8wNjAwMDUzNDg1NDRBQTc2NjFDRTM2NUIwNjgzRTNGNTEyNjY5OEQwQUVGQjhBMzFFMzIwMzdDMTdDMTcyREEzNzk0OTQyNzVFN0U1ODFDNDBCNzFCRkEzRkM3MEMyODlCODgzRUQyIiwidG9rZW4iOiI5MjQ3MTc2Mjc0NDI0NjM3MDU1Njg5IiwidiI6IjEuMSJ9 AuthorizenetHostedPaymentdataDescriptor=COMMON.ACCEPT.INAPP.PAYMENT TransId=120090057087
2026-09-13 14:10:59.751 UTC  [INFORMATION]  CreateProfileFromTransaction started. CustomerId=1501674, TransId=120090057087, ExistingProfileId=937730587
2026-09-13 14:11:00.848 UTC  [INFORMATION]  CreateProfileFromTransaction message. TransId=120090057087, Code=I00001, Text=Successful.
2026-09-13 14:11:00.848 UTC  [INFORMATION]  CreateProfileFromTransaction succeeded. CustomerId=1501674, TransId=120090057087, CustomerProfileId=937730587, PaymentProfileId=937062157
2026-09-13 14:11:00.855 UTC  [INFORMATION]  Payment Profile: Process Complete to create CIM 120090057087 CustomerId=1501674, OrderGuid=79cc6c09-2372-4e25-821c-d3c202404cda, IsCustomOrder=True CustomOrderNumber=26312, AuthorizenetHostedaymentDataValue=eyJjb2RlIjoiNTBfMl8wNjAwMDUzNDg1NDRBQTc2NjFDRTM2NUIwNjgzRTNGNTEyNjY5OEQwQUVGQjhBMzFFMzIwMzdDMTdDMTcyREEzNzk0OTQyNzVFN0U1ODFDNDBCNzFCRkEzRkM3MEMyODlCODgzRUQyIiwidG9rZW4iOiI5MjQ3MTc2Mjc0NDI0NjM3MDU1Njg5IiwidiI6IjEuMSJ9 AuthorizenetHostedPaymentdataDescriptor=COMMON.ACCEPT.INAPP.PAYMENT TransId=120090057087
2026-09-13 14:11:00.856 UTC  [INFORMATION]  ProcessPayment Completed. TransId=120090057087, CustomerId=1501674, OrderGuid=79cc6c09-2372-4e25-821c-d3c202404cda
2026-09-13 15:22:23.557 UTC  [INFORMATION]  ProcessPayment: Started  CustomerId=1501674, OrderGuid=08ed7584-ffee-4ea4-9524-4b221faab999, IsCustomOrder=True CustomOrderNumber=26318, AuthorizenetHostedaymentDataValue=eyJjb2RlIjoiNTBfMl8wNjAwMDUzMzI0NzI3OTlGRkFGMjczOThENzhFNjE1QzZENEZFRUU1MUI4QzM5N0REQUQzQzI5RjYyMEFDREM2RkJDRUE3M0U3MDRFNEUwNENCREY1NjU4RTE0NUM1RkIyN0Y3Mzg5IiwidG9rZW4iOiI5MjQ3MTcyMjQ5NDQ2NzU5ODI2NzA4IiwidiI6IjEuMSJ9 AuthorizenetHostedPaymentdataDescriptor=COMMON.ACCEPT.INAPP.PAYMENT
2026-09-13 15:22:23.558 UTC  [INFORMATION]  ProcessPayment: Going to process Transaction, CustomerId=1501674, OrderGuid=08ed7584-ffee-4ea4-9524-4b221faab999, IsCustomOrder=True CustomOrderNumber=26318, AuthorizenetHostedaymentDataValue=eyJjb2RlIjoiNTBfMl8wNjAwMDUzMzI0NzI3OTlGRkFGMjczOThENzhFNjE1QzZENEZFRUU1MUI4QzM5N0REQUQzQzI5RjYyMEFDREM2RkJDRUE3M0U3MDRFNEUwNENCREY1NjU4RTE0NUM1RkIyN0Y3Mzg5IiwidG9rZW4iOiI5MjQ3MTcyMjQ5NDQ2NzU5ODI2NzA4IiwidiI6IjEuMSJ9 AuthorizenetHostedPaymentdataDescriptor=COMMON.ACCEPT.INAPP.PAYMENT
2026-09-13 15:22:26.115 UTC  [INFORMATION]  ProcessPayment: Transaction processed successfully, CustomerId=1501674, OrderGuid=08ed7584-ffee-4ea4-9524-4b221faab999, IsCustomOrder=True CustomOrderNumber=26318, AuthorizenetHostedaymentDataValue=eyJjb2RlIjoiNTBfMl8wNjAwMDUzMzI0NzI3OTlGRkFGMjczOThENzhFNjE1QzZENEZFRUU1MUI4QzM5N0REQUQzQzI5RjYyMEFDREM2RkJDRUE3M0U3MDRFNEUwNENCREY1NjU4RTE0NUM1RkIyN0Y3Mzg5IiwidG9rZW4iOiI5MjQ3MTcyMjQ5NDQ2NzU5ODI2NzA4IiwidiI6IjEuMSJ9 AuthorizenetHostedPaymentdataDescriptor=COMMON.ACCEPT.INAPP.PAYMENT
2026-09-13 15:22:26.132 UTC  [INFORMATION]  ProcessPayment: Process started to create CIM 120090058173 CustomerId=1501674, OrderGuid=08ed7584-ffee-4ea4-9524-4b221faab999, IsCustomOrder=True CustomOrderNumber=26318, AuthorizenetHostedaymentDataValue=eyJjb2RlIjoiNTBfMl8wNjAwMDUzMzI0NzI3OTlGRkFGMjczOThENzhFNjE1QzZENEZFRUU1MUI4QzM5N0REQUQzQzI5RjYyMEFDREM2RkJDRUE3M0U3MDRFNEUwNENCREY1NjU4RTE0NUM1RkIyN0Y3Mzg5IiwidG9rZW4iOiI5MjQ3MTcyMjQ5NDQ2NzU5ODI2NzA4IiwidiI6IjEuMSJ9 AuthorizenetHostedPaymentdataDescriptor=COMMON.ACCEPT.INAPP.PAYMENT TransId=120090058173
2026-09-13 15:22:26.133 UTC  [INFORMATION]  CreateProfileFromTransaction started. CustomerId=1501674, TransId=120090058173, ExistingProfileId=937730587
2026-09-13 15:22:27.295 UTC  [INFORMATION]  CreateProfileFromTransaction message. TransId=120090058173, Code=I00001, Text=Successful.
2026-09-13 15:22:27.296 UTC  [INFORMATION]  CreateProfileFromTransaction succeeded. CustomerId=1501674, TransId=120090058173, CustomerProfileId=937730587, PaymentProfileId=937062157
2026-09-13 15:22:27.309 UTC  [INFORMATION]  Payment Profile: Process Complete to create CIM 120090058173 CustomerId=1501674, OrderGuid=08ed7584-ffee-4ea4-9524-4b221faab999, IsCustomOrder=True CustomOrderNumber=26318, AuthorizenetHostedaymentDataValue=eyJjb2RlIjoiNTBfMl8wNjAwMDUzMzI0NzI3OTlGRkFGMjczOThENzhFNjE1QzZENEZFRUU1MUI4QzM5N0REQUQzQzI5RjYyMEFDREM2RkJDRUE3M0U3MDRFNEUwNENCREY1NjU4RTE0NUM1RkIyN0Y3Mzg5IiwidG9rZW4iOiI5MjQ3MTcyMjQ5NDQ2NzU5ODI2NzA4IiwidiI6IjEuMSJ9 AuthorizenetHostedPaymentdataDescriptor=COMMON.ACCEPT.INAPP.PAYMENT TransId=120090058173
2026-09-13 15:22:27.310 UTC  [INFORMATION]  ProcessPayment Completed. TransId=120090058173, CustomerId=1501674, OrderGuid=08ed7584-ffee-4ea4-9524-4b221faab999
2026-09-13 15:28:54.362 UTC  [INFORMATION]  ProcessPayment: Started  CustomerId=1501674, OrderGuid=af10a16b-7a1c-4aa0-9ae0-100701d5a98f, IsCustomOrder=True CustomOrderNumber=26319, AuthorizenetHostedaymentDataValue=eyJjb2RlIjoiNTBfMl8wNjAwMDUyNDFBNjcxM0U5RjVEMzMwOTkwRkUyMTgwOTRCOEJGOEQ5QjE5OEYzMERCMEQ4RDk2QUMyQTZCMEE1QjdCQkEwNTM1RkJGREQxMDA3M0Q5NjgzOEQ4NzJCNkU2OTIzNENDIiwidG9rZW4iOiI5MjQ3MTEzNDczOTgzNDA1NjE1ODc3IiwidiI6IjEuMSJ9 AuthorizenetHostedPaymentdataDescriptor=COMMON.ACCEPT.INAPP.PAYMENT
2026-09-13 15:28:54.363 UTC  [INFORMATION]  ProcessPayment: Going to process Transaction, CustomerId=1501674, OrderGuid=af10a16b-7a1c-4aa0-9ae0-100701d5a98f, IsCustomOrder=True CustomOrderNumber=26319, AuthorizenetHostedaymentDataValue=eyJjb2RlIjoiNTBfMl8wNjAwMDUyNDFBNjcxM0U5RjVEMzMwOTkwRkUyMTgwOTRCOEJGOEQ5QjE5OEYzMERCMEQ4RDk2QUMyQTZCMEE1QjdCQkEwNTM1RkJGREQxMDA3M0Q5NjgzOEQ4NzJCNkU2OTIzNENDIiwidG9rZW4iOiI5MjQ3MTEzNDczOTgzNDA1NjE1ODc3IiwidiI6IjEuMSJ9 AuthorizenetHostedPaymentdataDescriptor=COMMON.ACCEPT.INAPP.PAYMENT
2026-09-13 15:28:56.466 UTC  [INFORMATION]  ProcessPayment: Transaction processed successfully, CustomerId=1501674, OrderGuid=af10a16b-7a1c-4aa0-9ae0-100701d5a98f, IsCustomOrder=True CustomOrderNumber=26319, AuthorizenetHostedaymentDataValue=eyJjb2RlIjoiNTBfMl8wNjAwMDUyNDFBNjcxM0U5RjVEMzMwOTkwRkUyMTgwOTRCOEJGOEQ5QjE5OEYzMERCMEQ4RDk2QUMyQTZCMEE1QjdCQkEwNTM1RkJGREQxMDA3M0Q5NjgzOEQ4NzJCNkU2OTIzNENDIiwidG9rZW4iOiI5MjQ3MTEzNDczOTgzNDA1NjE1ODc3IiwidiI6IjEuMSJ9 AuthorizenetHostedPaymentdataDescriptor=COMMON.ACCEPT.INAPP.PAYMENT
2026-09-13 15:28:56.479 UTC  [INFORMATION]  ProcessPayment: Process started to create CIM 120090058222 CustomerId=1501674, OrderGuid=af10a16b-7a1c-4aa0-9ae0-100701d5a98f, IsCustomOrder=True CustomOrderNumber=26319, AuthorizenetHostedaymentDataValue=eyJjb2RlIjoiNTBfMl8wNjAwMDUyNDFBNjcxM0U5RjVEMzMwOTkwRkUyMTgwOTRCOEJGOEQ5QjE5OEYzMERCMEQ4RDk2QUMyQTZCMEE1QjdCQkEwNTM1RkJGREQxMDA3M0Q5NjgzOEQ4NzJCNkU2OTIzNENDIiwidG9rZW4iOiI5MjQ3MTEzNDczOTgzNDA1NjE1ODc3IiwidiI6IjEuMSJ9 AuthorizenetHostedPaymentdataDescriptor=COMMON.ACCEPT.INAPP.PAYMENT TransId=120090058222
2026-09-13 15:28:56.480 UTC  [INFORMATION]  CreateProfileFromTransaction started. CustomerId=1501674, TransId=120090058222, ExistingProfileId=937730587
2026-09-13 15:28:57.705 UTC  [INFORMATION]  CreateProfileFromTransaction message. TransId=120090058222, Code=I00001, Text=Successful.
2026-09-13 15:28:57.707 UTC  [INFORMATION]  CreateProfileFromTransaction succeeded. CustomerId=1501674, TransId=120090058222, CustomerProfileId=937730587, PaymentProfileId=937062157
2026-09-13 15:28:57.720 UTC  [INFORMATION]  Payment Profile: Process Complete to create CIM 120090058222 CustomerId=1501674, OrderGuid=af10a16b-7a1c-4aa0-9ae0-100701d5a98f, IsCustomOrder=True CustomOrderNumber=26319, AuthorizenetHostedaymentDataValue=eyJjb2RlIjoiNTBfMl8wNjAwMDUyNDFBNjcxM0U5RjVEMzMwOTkwRkUyMTgwOTRCOEJGOEQ5QjE5OEYzMERCMEQ4RDk2QUMyQTZCMEE1QjdCQkEwNTM1RkJGREQxMDA3M0Q5NjgzOEQ4NzJCNkU2OTIzNENDIiwidG9rZW4iOiI5MjQ3MTEzNDczOTgzNDA1NjE1ODc3IiwidiI6IjEuMSJ9 AuthorizenetHostedPaymentdataDescriptor=COMMON.ACCEPT.INAPP.PAYMENT TransId=120090058222
2026-09-13 15:28:57.722 UTC  [INFORMATION]  ProcessPayment Completed. TransId=120090058222, CustomerId=1501674, OrderGuid=af10a16b-7a1c-4aa0-9ae0-100701d5a98f
2026-09-13 15:32:56.239 UTC  [INFORMATION]  ProcessPayment: Started  CustomerId=1501674, OrderGuid=f34b9aff-bf64-4755-bc4c-674ff3e7288a, IsCustomOrder=True CustomOrderNumber=26320, AuthorizenetHostedaymentDataValue=eyJjb2RlIjoiNTBfMl8wNjAwMDUzQUUxNDgzMDhCMEIzQzMwQTUwQ0E1NjMzMTdCNkE3NjI0RjMzOUQ0QThGQjNBNTg1NDY3NzBCM0U4MDg4RUM2MEE2NDQ2QjExMDNFMjg0NjU4M0UzOTg0MzFCNEFERUUxIiwidG9rZW4iOiI5MjQ3MjQ0NDAwNzk2NTIxMDA0ODczIiwidiI6IjEuMSJ9 AuthorizenetHostedPaymentdataDescriptor=COMMON.ACCEPT.INAPP.PAYMENT
2026-09-13 15:32:56.239 UTC  [INFORMATION]  ProcessPayment: Going to process Transaction, CustomerId=1501674, OrderGuid=f34b9aff-bf64-4755-bc4c-674ff3e7288a, IsCustomOrder=True CustomOrderNumber=26320, AuthorizenetHostedaymentDataValue=eyJjb2RlIjoiNTBfMl8wNjAwMDUzQUUxNDgzMDhCMEIzQzMwQTUwQ0E1NjMzMTdCNkE3NjI0RjMzOUQ0QThGQjNBNTg1NDY3NzBCM0U4MDg4RUM2MEE2NDQ2QjExMDNFMjg0NjU4M0UzOTg0MzFCNEFERUUxIiwidG9rZW4iOiI5MjQ3MjQ0NDAwNzk2NTIxMDA0ODczIiwidiI6IjEuMSJ9 AuthorizenetHostedPaymentdataDescriptor=COMMON.ACCEPT.INAPP.PAYMENT
2026-09-13 15:33:17.809 UTC  [ERROR]  ProcessPayment Failed CustomerId=1501674, OrderGuid=f34b9aff-bf64-4755-bc4c-674ff3e7288a
    Exception: WebException - A connection attempt failed because the connected party did not properly respond after a period of time, or established connection failed because connected host has failed to respond. [::ffff:198.241.207.86]:443 (apitest.authorize.net:443)
    Inner: A connection attempt failed because the connected party did not properly respond after a period of time, or established connection failed because connected host has failed to respond. [::ffff:198.241.207.86]:443 (apitest.authorize.net:443)
    StackTrace:    at System.Net.HttpWebRequest.GetResponse()
   at AuthorizeNet.Util.HttpUtility.PostData[TQ,TS](Environment env, TQ request)
   at AuthorizeNet.Api.Controllers.Bases.ApiOperationBase`2.Execute(Environment environment)
   at Nop.Plugin.Payments.AuthorizeNetHosted.Services.AuthorizeNetManager.GetApiResponseAsync(createTransactionController controller, IList`1 errors) in D:\Mind web Tree\Slc4.9\Source Code\Plugins\Nop.Plugin.Payments.AuthorizeNetHosted\Services\AuthorizeNetManager.cs:line 137
   at Nop.Plugin.Payments.AuthorizeNetHosted.Services.AuthorizeNetManager.CreateTransactionAsync(String dataValue, String dataDescriptor, ProcessPaymentRequest processPaymentRequest, IList`1 errors) in D:\Mind web Tree\Slc4.9\Source Code\Plugins\Nop.Plugin.Payments.AuthorizeNetHosted\Services\AuthorizeNetManager.cs:line 546
   at Nop.Plugin.Payments.AuthorizeNetHosted.Models.AuthorizeNetPaymentProcessor.ProcessPaymentAcceptForm(ProcessPaymentRequest processPaymentRequest) in D:\Mind web Tree\Slc4.9\Source Code\Plugins\Nop.Plugin.Payments.AuthorizeNetHosted\AuthorizeNetPaymentProcessor.cs:line 890
2026-09-13 15:33:17.849 UTC  [INFORMATION]  ProcessPayment Completed CustomerId=1501674, OrderGuid=f34b9aff-bf64-4755-bc4c-674ff3e7288a
2026-09-13 15:33:47.359 UTC  [INFORMATION]  ProcessPayment: Started  CustomerId=1501674, OrderGuid=01c44ea8-f097-45be-b23c-e318fb665fd9, IsCustomOrder=True CustomOrderNumber=26320, AuthorizenetHostedaymentDataValue=eyJjb2RlIjoiNTBfMl8wNjAwMDUzRDgxNzEyNEVFNkFGOTdFODYyQkQ5MkVCRUJFRkI0OEZBODBGM0Y3NTg5Rjg0NDQ3ODlCOTZBNTk5MTE5MzUwRTBFN0E5MDY1NDVEMzM4QTIwNUEyMzEzMzkzRjE0OUQ0IiwidG9rZW4iOiI5MjQ3MjU0NzMwMjYwNTA3MDcyNTU0IiwidiI6IjEuMSJ9 AuthorizenetHostedPaymentdataDescriptor=COMMON.ACCEPT.INAPP.PAYMENT
2026-09-13 15:33:47.360 UTC  [INFORMATION]  ProcessPayment: Going to process Transaction, CustomerId=1501674, OrderGuid=01c44ea8-f097-45be-b23c-e318fb665fd9, IsCustomOrder=True CustomOrderNumber=26320, AuthorizenetHostedaymentDataValue=eyJjb2RlIjoiNTBfMl8wNjAwMDUzRDgxNzEyNEVFNkFGOTdFODYyQkQ5MkVCRUJFRkI0OEZBODBGM0Y3NTg5Rjg0NDQ3ODlCOTZBNTk5MTE5MzUwRTBFN0E5MDY1NDVEMzM4QTIwNUEyMzEzMzkzRjE0OUQ0IiwidG9rZW4iOiI5MjQ3MjU0NzMwMjYwNTA3MDcyNTU0IiwidiI6IjEuMSJ9 AuthorizenetHostedPaymentdataDescriptor=COMMON.ACCEPT.INAPP.PAYMENT
2026-09-13 15:33:50.721 UTC  [INFORMATION]  ProcessPayment: Transaction processed successfully, CustomerId=1501674, OrderGuid=01c44ea8-f097-45be-b23c-e318fb665fd9, IsCustomOrder=True CustomOrderNumber=26320, AuthorizenetHostedaymentDataValue=eyJjb2RlIjoiNTBfMl8wNjAwMDUzRDgxNzEyNEVFNkFGOTdFODYyQkQ5MkVCRUJFRkI0OEZBODBGM0Y3NTg5Rjg0NDQ3ODlCOTZBNTk5MTE5MzUwRTBFN0E5MDY1NDVEMzM4QTIwNUEyMzEzMzkzRjE0OUQ0IiwidG9rZW4iOiI5MjQ3MjU0NzMwMjYwNTA3MDcyNTU0IiwidiI6IjEuMSJ9 AuthorizenetHostedPaymentdataDescriptor=COMMON.ACCEPT.INAPP.PAYMENT
2026-09-13 15:33:50.732 UTC  [INFORMATION]  ProcessPayment: Process started to create CIM 120090058301 CustomerId=1501674, OrderGuid=01c44ea8-f097-45be-b23c-e318fb665fd9, IsCustomOrder=True CustomOrderNumber=26320, AuthorizenetHostedaymentDataValue=eyJjb2RlIjoiNTBfMl8wNjAwMDUzRDgxNzEyNEVFNkFGOTdFODYyQkQ5MkVCRUJFRkI0OEZBODBGM0Y3NTg5Rjg0NDQ3ODlCOTZBNTk5MTE5MzUwRTBFN0E5MDY1NDVEMzM4QTIwNUEyMzEzMzkzRjE0OUQ0IiwidG9rZW4iOiI5MjQ3MjU0NzMwMjYwNTA3MDcyNTU0IiwidiI6IjEuMSJ9 AuthorizenetHostedPaymentdataDescriptor=COMMON.ACCEPT.INAPP.PAYMENT TransId=120090058301
2026-09-13 15:33:50.732 UTC  [INFORMATION]  CreateProfileFromTransaction started. CustomerId=1501674, TransId=120090058301, ExistingProfileId=937730587
2026-09-13 15:33:52.512 UTC  [INFORMATION]  CreateProfileFromTransaction message. TransId=120090058301, Code=I00001, Text=Successful.
2026-09-13 15:33:52.512 UTC  [INFORMATION]  CreateProfileFromTransaction succeeded. CustomerId=1501674, TransId=120090058301, CustomerProfileId=937730587, PaymentProfileId=937062157
2026-09-13 15:33:52.517 UTC  [INFORMATION]  Payment Profile: Process Complete to create CIM 120090058301 CustomerId=1501674, OrderGuid=01c44ea8-f097-45be-b23c-e318fb665fd9, IsCustomOrder=True CustomOrderNumber=26320, AuthorizenetHostedaymentDataValue=eyJjb2RlIjoiNTBfMl8wNjAwMDUzRDgxNzEyNEVFNkFGOTdFODYyQkQ5MkVCRUJFRkI0OEZBODBGM0Y3NTg5Rjg0NDQ3ODlCOTZBNTk5MTE5MzUwRTBFN0E5MDY1NDVEMzM4QTIwNUEyMzEzMzkzRjE0OUQ0IiwidG9rZW4iOiI5MjQ3MjU0NzMwMjYwNTA3MDcyNTU0IiwidiI6IjEuMSJ9 AuthorizenetHostedPaymentdataDescriptor=COMMON.ACCEPT.INAPP.PAYMENT TransId=120090058301
2026-09-13 15:33:52.518 UTC  [INFORMATION]  ProcessPayment Completed. TransId=120090058301, CustomerId=1501674, OrderGuid=01c44ea8-f097-45be-b23c-e318fb665fd9
