2026-09-04 09:05:56.331 UTC  [INFORMATION]  Hosted payment token generation started. 
2026-09-04 09:05:57.978 UTC  [INFORMATION]  Hosted payment token generated successfully. OrderGuid=35ae5406-6919-4502-bf0a-485eefa5ed4f, TokenLength=2917
2026-09-04 09:05:57.979 UTC  [INFORMATION]  Hosted payment page initialized successfully. OrderGuid=35ae5406-6919-4502-bf0a-485eefa5ed4f
2026-09-04 09:26:41.837 UTC  [INFORMATION]  Hosted payment token generation started. 
2026-09-04 09:26:43.253 UTC  [INFORMATION]  Hosted payment token generated successfully. OrderGuid=59dfb46a-eda2-472d-85de-70de33d48436, TokenLength=2917
2026-09-04 09:26:43.254 UTC  [INFORMATION]  Hosted payment page initialized successfully. OrderGuid=59dfb46a-eda2-472d-85de-70de33d48436
2026-09-04 09:36:04.120 UTC  [INFORMATION]  Hosted payment token generation started. 
2026-09-04 09:36:05.330 UTC  [INFORMATION]  Hosted payment token generated successfully. OrderGuid=59dfb46a-eda2-472d-85de-70de33d48436, TokenLength=2917
2026-09-04 09:36:05.331 UTC  [INFORMATION]  Hosted payment page initialized successfully. OrderGuid=59dfb46a-eda2-472d-85de-70de33d48436
2026-09-04 09:37:50.797 UTC  [INFORMATION]  Hosted payment token generation started. 
2026-09-04 09:56:49.468 UTC  [INFORMATION]  GetToken: hosted payment token refresh started. 
2026-09-04 09:56:52.027 UTC  [INFORMATION]  Hosted payment token generated successfully. OrderGuid=59dfb46a-eda2-472d-85de-70de33d48436, TokenLength=2937
2026-09-04 09:56:52.028 UTC  [INFORMATION]  Hosted payment page initialized successfully. OrderGuid=59dfb46a-eda2-472d-85de-70de33d48436
2026-09-04 09:56:52.425 UTC  [INFORMATION]  GetToken: new hosted payment token generated successfully for iframe reload. OrderGuid=59dfb46a-eda2-472d-85de-70de33d48436, TokenLength=2917
2026-09-04 09:57:11.008 UTC  [INFORMATION]  Hosted payment token generation started. 
2026-09-04 09:57:13.925 UTC  [INFORMATION]  Hosted payment token generated successfully. OrderGuid=59dfb46a-eda2-472d-85de-70de33d48436, TokenLength=2917
2026-09-04 09:57:13.925 UTC  [INFORMATION]  Hosted payment page initialized successfully. OrderGuid=59dfb46a-eda2-472d-85de-70de33d48436
2026-09-04 09:57:22.121 UTC  [INFORMATION]  Hosted payment token generation started. 
2026-09-04 09:57:23.841 UTC  [INFORMATION]  Hosted payment token generated successfully. OrderGuid=59dfb46a-eda2-472d-85de-70de33d48436, TokenLength=2917
2026-09-04 09:57:23.843 UTC  [INFORMATION]  Hosted payment page initialized successfully. OrderGuid=59dfb46a-eda2-472d-85de-70de33d48436
2026-09-04 10:14:53.942 UTC  [INFORMATION]  Hosted payment token generation started. 
2026-09-04 10:14:54.966 UTC  [INFORMATION]  Hosted payment token generated successfully. OrderGuid=b6b9acce-5610-4f8e-bab0-f139c9942d37, TokenLength=3001
2026-09-04 10:14:54.967 UTC  [INFORMATION]  Hosted payment page initialized successfully. OrderGuid=b6b9acce-5610-4f8e-bab0-f139c9942d37
2026-09-04 10:15:23.509 UTC  [INFORMATION]  Hosted payment token generation started. 
2026-09-04 10:15:23.954 UTC  [INFORMATION]  Hosted payment token generated successfully. OrderGuid=9c0e114a-4746-4fba-b588-b0716f451f1d, TokenLength=3001
2026-09-04 10:15:23.955 UTC  [INFORMATION]  Hosted payment page initialized successfully. OrderGuid=9c0e114a-4746-4fba-b588-b0716f451f1d
2026-09-04 10:23:03.923 UTC  [INFORMATION]  Hosted payment token generation started. 
2026-09-04 10:23:05.335 UTC  [INFORMATION]  Hosted payment token generated successfully. OrderGuid=aefe0ba0-ec4c-40e7-aa00-d45447fa6960, TokenLength=3001
2026-09-04 10:23:05.335 UTC  [INFORMATION]  Hosted payment page initialized successfully. OrderGuid=aefe0ba0-ec4c-40e7-aa00-d45447fa6960
2026-09-04 10:24:26.268 UTC  [INFORMATION]  Hosted payment token generation started. 
2026-09-04 10:24:27.401 UTC  [INFORMATION]  Hosted payment token generated successfully. OrderGuid=a9757eea-ee38-40c5-aa1f-2ade4553ac3f, TokenLength=3001
2026-09-04 10:24:27.402 UTC  [INFORMATION]  Hosted payment page initialized successfully. OrderGuid=a9757eea-ee38-40c5-aa1f-2ade4553ac3f
2026-09-04 10:24:42.252 UTC  [INFORMATION]  Hosted payment token generation started. 
2026-09-04 10:24:42.731 UTC  [INFORMATION]  Hosted payment token generated successfully. OrderGuid=ad8d8886-54e3-4a9a-88aa-3da746831fbd, TokenLength=3001
2026-09-04 10:24:42.732 UTC  [INFORMATION]  Hosted payment page initialized successfully. OrderGuid=ad8d8886-54e3-4a9a-88aa-3da746831fbd
2026-09-04 14:50:27.818 UTC  [INFORMATION]  ProcessPayment: Started  CustomerId=1501678, OrderGuid=873fd928-a189-4dc2-8964-00a0a9b21299, IsCustomOrder=True CustomOrderNumber=26298, AuthorizenetHostedaymentDataValue=eyJjb2RlIjoiNTBfMl8wNjAwMDUzRTI0ODkzNUUxMDM1NTA4OTNGNDBFMzIyMkEyRDBDQkYyNkQyNjQyNzhBNTYwMzNDNUI1OEJCOUE2RTBEM0EyM0M0RERBMzhFQTRFODA0MzZCMzdFQTJBNzE0NDM3OTQxIiwidG9rZW4iOiI5MjQ3MjExMTAyNDc1ODQ0ODk5NDYwIiwidiI6IjEuMSJ9 AuthorizenetHostedPaymentdataDescriptor=COMMON.ACCEPT.INAPP.PAYMENT
2026-09-04 14:50:27.822 UTC  [INFORMATION]  ProcessPayment: Going to process Transaction, CustomerId=1501678, OrderGuid=873fd928-a189-4dc2-8964-00a0a9b21299, IsCustomOrder=True CustomOrderNumber=26298, AuthorizenetHostedaymentDataValue=eyJjb2RlIjoiNTBfMl8wNjAwMDUzRTI0ODkzNUUxMDM1NTA4OTNGNDBFMzIyMkEyRDBDQkYyNkQyNjQyNzhBNTYwMzNDNUI1OEJCOUE2RTBEM0EyM0M0RERBMzhFQTRFODA0MzZCMzdFQTJBNzE0NDM3OTQxIiwidG9rZW4iOiI5MjQ3MjExMTAyNDc1ODQ0ODk5NDYwIiwidiI6IjEuMSJ9 AuthorizenetHostedPaymentdataDescriptor=COMMON.ACCEPT.INAPP.PAYMENT
2026-09-04 14:50:31.437 UTC  [INFORMATION]  ProcessPayment: Transaction processed successfully, CustomerId=1501678, OrderGuid=873fd928-a189-4dc2-8964-00a0a9b21299, IsCustomOrder=True CustomOrderNumber=26298, AuthorizenetHostedaymentDataValue=eyJjb2RlIjoiNTBfMl8wNjAwMDUzRTI0ODkzNUUxMDM1NTA4OTNGNDBFMzIyMkEyRDBDQkYyNkQyNjQyNzhBNTYwMzNDNUI1OEJCOUE2RTBEM0EyM0M0RERBMzhFQTRFODA0MzZCMzdFQTJBNzE0NDM3OTQxIiwidG9rZW4iOiI5MjQ3MjExMTAyNDc1ODQ0ODk5NDYwIiwidiI6IjEuMSJ9 AuthorizenetHostedPaymentdataDescriptor=COMMON.ACCEPT.INAPP.PAYMENT
2026-09-04 14:50:31.472 UTC  [INFORMATION]  ProcessPayment Completed. TransId=120089691986, CustomerId=1501678, OrderGuid=873fd928-a189-4dc2-8964-00a0a9b21299
2026-09-04 15:14:03.691 UTC  [INFORMATION]  ProcessPayment: Started  CustomerId=1501664, OrderGuid=daed6838-1fcf-4917-af53-3c85f85a47eb, IsCustomOrder=True CustomOrderNumber=26299, AuthorizenetHostedaymentDataValue=eyJjb2RlIjoiNTBfMl8wNjAwMDUzMjZFOEE4QTJDNDc4RDUwNTIwNUM5QUNDOEQ5N0UwOTI5OUQ3RDExRTFGRjMxN0Y4OTAyMTA5RUYxMjM4QzA4MTUxQUIyQkVCRkJDRkI4ODg5RDhCMkIzRUM1NkYyOUY3IiwidG9rZW4iOiI5MjQ3MTk5ODM0NzMxNjQ5OTA3OTg3IiwidiI6IjEuMSJ9 AuthorizenetHostedPaymentdataDescriptor=COMMON.ACCEPT.INAPP.PAYMENT
2026-09-04 15:14:03.692 UTC  [INFORMATION]  ProcessPayment: Going to process Transaction, CustomerId=1501664, OrderGuid=daed6838-1fcf-4917-af53-3c85f85a47eb, IsCustomOrder=True CustomOrderNumber=26299, AuthorizenetHostedaymentDataValue=eyJjb2RlIjoiNTBfMl8wNjAwMDUzMjZFOEE4QTJDNDc4RDUwNTIwNUM5QUNDOEQ5N0UwOTI5OUQ3RDExRTFGRjMxN0Y4OTAyMTA5RUYxMjM4QzA4MTUxQUIyQkVCRkJDRkI4ODg5RDhCMkIzRUM1NkYyOUY3IiwidG9rZW4iOiI5MjQ3MTk5ODM0NzMxNjQ5OTA3OTg3IiwidiI6IjEuMSJ9 AuthorizenetHostedPaymentdataDescriptor=COMMON.ACCEPT.INAPP.PAYMENT
2026-09-04 15:14:05.526 UTC  [INFORMATION]  ProcessPayment: Transaction processed successfully, CustomerId=1501664, OrderGuid=daed6838-1fcf-4917-af53-3c85f85a47eb, IsCustomOrder=True CustomOrderNumber=26299, AuthorizenetHostedaymentDataValue=eyJjb2RlIjoiNTBfMl8wNjAwMDUzMjZFOEE4QTJDNDc4RDUwNTIwNUM5QUNDOEQ5N0UwOTI5OUQ3RDExRTFGRjMxN0Y4OTAyMTA5RUYxMjM4QzA4MTUxQUIyQkVCRkJDRkI4ODg5RDhCMkIzRUM1NkYyOUY3IiwidG9rZW4iOiI5MjQ3MTk5ODM0NzMxNjQ5OTA3OTg3IiwidiI6IjEuMSJ9 AuthorizenetHostedPaymentdataDescriptor=COMMON.ACCEPT.INAPP.PAYMENT
2026-09-04 15:14:05.553 UTC  [INFORMATION]  ProcessPayment Completed. TransId=120089692452, CustomerId=1501664, OrderGuid=daed6838-1fcf-4917-af53-3c85f85a47eb
2026-09-04 15:17:55.867 UTC  [INFORMATION]  ProcessPayment: Started  CustomerId=1499411, OrderGuid=d64e23ae-2c5f-442b-b5c4-0a736948fbbb, IsCustomOrder=True CustomOrderNumber=26234, AuthorizenetHostedaymentDataValue=eyJjb2RlIjoiNTBfMl8wNjAwMDUyNTVFMEM4ODQ1MzY0NEE2N0Y3MDdFQ0YwNjJERDkwRDQ1QUIwN0FFMkFFMzk5OUExREFFMEY1MTU4NTU5QkNFQjVFMERCRDdDM0RGNzc1MTExREVCREM1N0Q1MEU1MzdCIiwidG9rZW4iOiI5MjQ3Mjc5MTE4Nzc5NDc4NjM3NzM4IiwidiI6IjEuMSJ9 AuthorizenetHostedPaymentdataDescriptor=COMMON.ACCEPT.INAPP.PAYMENT
2026-09-04 15:17:55.869 UTC  [INFORMATION]  ProcessPayment: Going to process Transaction, CustomerId=1499411, OrderGuid=d64e23ae-2c5f-442b-b5c4-0a736948fbbb, IsCustomOrder=True CustomOrderNumber=26234, AuthorizenetHostedaymentDataValue=eyJjb2RlIjoiNTBfMl8wNjAwMDUyNTVFMEM4ODQ1MzY0NEE2N0Y3MDdFQ0YwNjJERDkwRDQ1QUIwN0FFMkFFMzk5OUExREFFMEY1MTU4NTU5QkNFQjVFMERCRDdDM0RGNzc1MTExREVCREM1N0Q1MEU1MzdCIiwidG9rZW4iOiI5MjQ3Mjc5MTE4Nzc5NDc4NjM3NzM4IiwidiI6IjEuMSJ9 AuthorizenetHostedPaymentdataDescriptor=COMMON.ACCEPT.INAPP.PAYMENT
2026-09-04 15:17:57.184 UTC  [INFORMATION]  ProcessPayment: Transaction processed successfully, CustomerId=1499411, OrderGuid=d64e23ae-2c5f-442b-b5c4-0a736948fbbb, IsCustomOrder=True CustomOrderNumber=26234, AuthorizenetHostedaymentDataValue=eyJjb2RlIjoiNTBfMl8wNjAwMDUyNTVFMEM4ODQ1MzY0NEE2N0Y3MDdFQ0YwNjJERDkwRDQ1QUIwN0FFMkFFMzk5OUExREFFMEY1MTU4NTU5QkNFQjVFMERCRDdDM0RGNzc1MTExREVCREM1N0Q1MEU1MzdCIiwidG9rZW4iOiI5MjQ3Mjc5MTE4Nzc5NDc4NjM3NzM4IiwidiI6IjEuMSJ9 AuthorizenetHostedPaymentdataDescriptor=COMMON.ACCEPT.INAPP.PAYMENT
2026-09-04 15:17:57.188 UTC  [INFORMATION]  ProcessPayment Completed. TransId=120089692510, CustomerId=1499411, OrderGuid=d64e23ae-2c5f-442b-b5c4-0a736948fbbb
