2026-09-16 10:03:27.918 UTC  [INFORMATION]  Hosted payment token generation started. 
2026-09-16 10:03:29.361 UTC  [INFORMATION]  Hosted payment token generated successfully. OrderGuid=a32f3dbc-896d-44b2-b253-8fa9bfbc244c, TokenLength=3109
2026-09-16 10:03:29.362 UTC  [INFORMATION]  Hosted payment page initialized successfully. OrderGuid=a32f3dbc-896d-44b2-b253-8fa9bfbc244c
2026-09-16 10:04:35.896 UTC  [INFORMATION]  GetToken: hosted payment token refresh started. 
2026-09-16 10:04:36.189 UTC  [ERROR]  Hosted payment token generation failed. OrderGuid=a1c0d6f0-5351-4417-a42d-88c7e7c9f41b, Error=Value cannot be null. (Parameter 'customer')CustomerId=1502746payload=
    Exception: ArgumentNullException - Value cannot be null. (Parameter 'customer')
    StackTrace:    at System.ArgumentNullException.Throw(String paramName)
   at System.ArgumentNullException.ThrowIfNull(Object argument, String paramName)
   at Nop.Services.Customers.CustomerService.IsInCustomerRoleAsync(Customer customer, String customerRoleSystemName, Boolean onlyActiveCustomerRoles) in D:\Mind web Tree\Slc4.9\Source Code\Libraries\Nop.Services\Customers\CustomerService.cs:line 1308
   at Nop.Services.Customers.CustomerService.IsRegisteredAsync(Customer customer, Boolean onlyActiveCustomerRoles) in D:\Mind web Tree\Slc4.9\Source Code\Libraries\Nop.Services\Customers\CustomerService.cs:line 1355
   at MWT.Nop.Core.Services.Customers.CustomerExtendedService.IsCustomerEligibleForMemberShipDiscount(Customer customer) in D:\Mind web Tree\Slc4.9\Source Code\MWT.Nop.Core\Services\Customers\CustomerExtendedService.cs:line 54
   at MWT.Nop.Core.Services.Orders.OrderTotalCalculationExtendedService.GetCustomBuyMoreSaveMoreDiscountAndMemberShipDiscountAsync(IList`1 cart, Boolean isOrderTotalpassed, Decimal subTotalIncTax, Decimal subTotalExcTax) in D:\Mind web Tree\Slc4.9\Source Code\MWT.Nop.Core\Services\Orders\OrderTotalCalculationExtendedService.cs:line 245
   at MWT.Nop.Core.Services.Orders.OrderTotalCalculationExtendedService.GetShoppingCartTotalAsync(IList`1 cart, Nullable`1 useRewardPoints, Boolean usePaymentMethodAdditionalFee) in D:\Mind web Tree\Slc4.9\Source Code\MWT.Nop.Core\Services\Orders\OrderTotalCalculationExtendedService.cs:line 1055
   at Nop.Plugin.Payments.AuthorizeNetHosted.Services.AuthorizeNetManager.GetHostedFormToken(Int32 invoiceId, Object additionalData) in D:\Mind web Tree\Slc4.9\Source Code\Plugins\Nop.Plugin.Payments.AuthorizeNetHosted\Services\AuthorizeNetManager.cs:line 588
2026-09-16 10:04:36.270 UTC  [ERROR]  GetToken: hosted payment token refresh failed. OrderGuid=80737227-7887-4758-b97f-88f443cf8ab5, Error=Value cannot be null. (Parameter 'customer')
    Exception: ArgumentNullException - Value cannot be null. (Parameter 'customer')
    StackTrace:    at Nop.Plugin.Payments.AuthorizeNetHosted.Services.AuthorizeNetManager.GetHostedFormToken(Int32 invoiceId, Object additionalData) in D:\Mind web Tree\Slc4.9\Source Code\Plugins\Nop.Plugin.Payments.AuthorizeNetHosted\Services\AuthorizeNetManager.cs:line 709
   at Nop.Plugin.Payments.AuthorizeNetHosted.Controllers.AuthorizeNetHostedPaymentController.GetToken(Int32 invoiceId) in D:\Mind web Tree\Slc4.9\Source Code\Plugins\Nop.Plugin.Payments.AuthorizeNetHosted\Controllers\AuthorizeNetHostedPaymentController.cs:line 214
2026-09-16 10:06:32.544 UTC  [INFORMATION]  ProcessPayment: Started  CustomerId=1502747, OrderGuid=6141efbe-092b-4a2b-a67d-e4e71080a6e8, IsCustomOrder=True CustomOrderNumber=26337, AuthorizenetHostedaymentDataValue=eyJjb2RlIjoiNTBfMl8wNjAwMDUzQUQ2NTQwRjg5NkRBQjVDRkE4RDUwQkExNjMyNDA4NUVEREE0RTc5M0M4QzU2REQxQjUzRjIzQjI4RjJDNDExRDI1MDA4ODAwOUQ5OEFCQzIxMzEyQUUwQjYyMUMzMEVFIiwidG9rZW4iOiI5MTYxMjM3Mzc4Njk2NDkwNDQ0NTc2IiwidiI6IjEuMSJ9 AuthorizenetHostedPaymentdataDescriptor=COMMON.ACCEPT.INAPP.PAYMENT
2026-09-16 10:06:32.546 UTC  [INFORMATION]  ProcessPayment: Going to process Transaction, CustomerId=1502747, OrderGuid=6141efbe-092b-4a2b-a67d-e4e71080a6e8, IsCustomOrder=True CustomOrderNumber=26337, AuthorizenetHostedaymentDataValue=eyJjb2RlIjoiNTBfMl8wNjAwMDUzQUQ2NTQwRjg5NkRBQjVDRkE4RDUwQkExNjMyNDA4NUVEREE0RTc5M0M4QzU2REQxQjUzRjIzQjI4RjJDNDExRDI1MDA4ODAwOUQ5OEFCQzIxMzEyQUUwQjYyMUMzMEVFIiwidG9rZW4iOiI5MTYxMjM3Mzc4Njk2NDkwNDQ0NTc2IiwidiI6IjEuMSJ9 AuthorizenetHostedPaymentdataDescriptor=COMMON.ACCEPT.INAPP.PAYMENT
2026-09-16 10:06:34.672 UTC  [INFORMATION]  ProcessPayment: Transaction processed successfully, CustomerId=1502747, OrderGuid=6141efbe-092b-4a2b-a67d-e4e71080a6e8, IsCustomOrder=True CustomOrderNumber=26337, AuthorizenetHostedaymentDataValue=eyJjb2RlIjoiNTBfMl8wNjAwMDUzQUQ2NTQwRjg5NkRBQjVDRkE4RDUwQkExNjMyNDA4NUVEREE0RTc5M0M4QzU2REQxQjUzRjIzQjI4RjJDNDExRDI1MDA4ODAwOUQ5OEFCQzIxMzEyQUUwQjYyMUMzMEVFIiwidG9rZW4iOiI5MTYxMjM3Mzc4Njk2NDkwNDQ0NTc2IiwidiI6IjEuMSJ9 AuthorizenetHostedPaymentdataDescriptor=COMMON.ACCEPT.INAPP.PAYMENT
2026-09-16 10:06:34.692 UTC  [INFORMATION]  ProcessPayment: Process started to create CIM 120090216724 CustomerId=1502747, OrderGuid=6141efbe-092b-4a2b-a67d-e4e71080a6e8, IsCustomOrder=True CustomOrderNumber=26337, AuthorizenetHostedaymentDataValue=eyJjb2RlIjoiNTBfMl8wNjAwMDUzQUQ2NTQwRjg5NkRBQjVDRkE4RDUwQkExNjMyNDA4NUVEREE0RTc5M0M4QzU2REQxQjUzRjIzQjI4RjJDNDExRDI1MDA4ODAwOUQ5OEFCQzIxMzEyQUUwQjYyMUMzMEVFIiwidG9rZW4iOiI5MTYxMjM3Mzc4Njk2NDkwNDQ0NTc2IiwidiI6IjEuMSJ9 AuthorizenetHostedPaymentdataDescriptor=COMMON.ACCEPT.INAPP.PAYMENT TransId=120090216724
2026-09-16 10:06:34.694 UTC  [INFORMATION]  CreateProfileFromTransaction started. CustomerId=1502747, TransId=120090216724, ExistingProfileId=
2026-09-16 10:06:35.432 UTC  [INFORMATION]  CreateProfileFromTransaction message. TransId=120090216724, Code=I00001, Text=Successful.
2026-09-16 10:06:35.433 UTC  [INFORMATION]  CreateProfileFromTransaction succeeded. CustomerId=1502747, TransId=120090216724, CustomerProfileId=937766675, PaymentProfileId=937108311
2026-09-16 10:06:35.460 UTC  [INFORMATION]  Payment Profile: Process Complete to create CIM 120090216724 CustomerId=1502747, OrderGuid=6141efbe-092b-4a2b-a67d-e4e71080a6e8, IsCustomOrder=True CustomOrderNumber=26337, AuthorizenetHostedaymentDataValue=eyJjb2RlIjoiNTBfMl8wNjAwMDUzQUQ2NTQwRjg5NkRBQjVDRkE4RDUwQkExNjMyNDA4NUVEREE0RTc5M0M4QzU2REQxQjUzRjIzQjI4RjJDNDExRDI1MDA4ODAwOUQ5OEFCQzIxMzEyQUUwQjYyMUMzMEVFIiwidG9rZW4iOiI5MTYxMjM3Mzc4Njk2NDkwNDQ0NTc2IiwidiI6IjEuMSJ9 AuthorizenetHostedPaymentdataDescriptor=COMMON.ACCEPT.INAPP.PAYMENT TransId=120090216724
2026-09-16 10:06:35.460 UTC  [INFORMATION]  ProcessPayment Completed. TransId=120090216724, CustomerId=1502747, OrderGuid=6141efbe-092b-4a2b-a67d-e4e71080a6e8
2026-09-16 10:13:13.503 UTC  [INFORMATION]  ProcessPayment: Started  CustomerId=1502747, OrderGuid=9b3f6a12-a63f-4f5b-9534-930073398aa0, IsCustomOrder=True CustomOrderNumber=26338, AuthorizenetHostedaymentDataValue=eyJjb2RlIjoiNTBfMl8wNjAwMDUzNkJFNEJGMkFGM0E2NTA5NDk3OUQwQkExN0Q5MUQ1MDg1NTE1ODI0NjQ4OEQyRTBFNjBDQUUxN0JCREMwM0QxREFBRDA5MTA5N0E2NEMzRUE3MTAzNUIzRTc0MDYwM0Y1IiwidG9rZW4iOiI5MTYxMjY4NjMyNDM2ODcwMjE3MDMxIiwidiI6IjEuMSJ9 AuthorizenetHostedPaymentdataDescriptor=COMMON.ACCEPT.INAPP.PAYMENT
2026-09-16 10:13:13.506 UTC  [INFORMATION]  ProcessPayment: Going to process Transaction, CustomerId=1502747, OrderGuid=9b3f6a12-a63f-4f5b-9534-930073398aa0, IsCustomOrder=True CustomOrderNumber=26338, AuthorizenetHostedaymentDataValue=eyJjb2RlIjoiNTBfMl8wNjAwMDUzNkJFNEJGMkFGM0E2NTA5NDk3OUQwQkExN0Q5MUQ1MDg1NTE1ODI0NjQ4OEQyRTBFNjBDQUUxN0JCREMwM0QxREFBRDA5MTA5N0E2NEMzRUE3MTAzNUIzRTc0MDYwM0Y1IiwidG9rZW4iOiI5MTYxMjY4NjMyNDM2ODcwMjE3MDMxIiwidiI6IjEuMSJ9 AuthorizenetHostedPaymentdataDescriptor=COMMON.ACCEPT.INAPP.PAYMENT
2026-09-16 10:13:15.251 UTC  [INFORMATION]  ProcessPayment: Transaction processed successfully, CustomerId=1502747, OrderGuid=9b3f6a12-a63f-4f5b-9534-930073398aa0, IsCustomOrder=True CustomOrderNumber=26338, AuthorizenetHostedaymentDataValue=eyJjb2RlIjoiNTBfMl8wNjAwMDUzNkJFNEJGMkFGM0E2NTA5NDk3OUQwQkExN0Q5MUQ1MDg1NTE1ODI0NjQ4OEQyRTBFNjBDQUUxN0JCREMwM0QxREFBRDA5MTA5N0E2NEMzRUE3MTAzNUIzRTc0MDYwM0Y1IiwidG9rZW4iOiI5MTYxMjY4NjMyNDM2ODcwMjE3MDMxIiwidiI6IjEuMSJ9 AuthorizenetHostedPaymentdataDescriptor=COMMON.ACCEPT.INAPP.PAYMENT
2026-09-16 10:13:15.305 UTC  [INFORMATION]  ProcessPayment: Process started to create CIM 120090216880 CustomerId=1502747, OrderGuid=9b3f6a12-a63f-4f5b-9534-930073398aa0, IsCustomOrder=True CustomOrderNumber=26338, AuthorizenetHostedaymentDataValue=eyJjb2RlIjoiNTBfMl8wNjAwMDUzNkJFNEJGMkFGM0E2NTA5NDk3OUQwQkExN0Q5MUQ1MDg1NTE1ODI0NjQ4OEQyRTBFNjBDQUUxN0JCREMwM0QxREFBRDA5MTA5N0E2NEMzRUE3MTAzNUIzRTc0MDYwM0Y1IiwidG9rZW4iOiI5MTYxMjY4NjMyNDM2ODcwMjE3MDMxIiwidiI6IjEuMSJ9 AuthorizenetHostedPaymentdataDescriptor=COMMON.ACCEPT.INAPP.PAYMENT TransId=120090216880
2026-09-16 10:13:15.336 UTC  [INFORMATION]  CreateProfileFromTransaction started. CustomerId=1502747, TransId=120090216880, ExistingProfileId=937766675
2026-09-16 10:13:16.661 UTC  [INFORMATION]  CreateProfileFromTransaction message. TransId=120090216880, Code=I00001, Text=Successful.
2026-09-16 10:13:16.662 UTC  [INFORMATION]  CreateProfileFromTransaction succeeded. CustomerId=1502747, TransId=120090216880, CustomerProfileId=937766675, PaymentProfileId=937108311
2026-09-16 10:13:16.667 UTC  [INFORMATION]  Payment Profile: Process Complete to create CIM 120090216880 CustomerId=1502747, OrderGuid=9b3f6a12-a63f-4f5b-9534-930073398aa0, IsCustomOrder=True CustomOrderNumber=26338, AuthorizenetHostedaymentDataValue=eyJjb2RlIjoiNTBfMl8wNjAwMDUzNkJFNEJGMkFGM0E2NTA5NDk3OUQwQkExN0Q5MUQ1MDg1NTE1ODI0NjQ4OEQyRTBFNjBDQUUxN0JCREMwM0QxREFBRDA5MTA5N0E2NEMzRUE3MTAzNUIzRTc0MDYwM0Y1IiwidG9rZW4iOiI5MTYxMjY4NjMyNDM2ODcwMjE3MDMxIiwidiI6IjEuMSJ9 AuthorizenetHostedPaymentdataDescriptor=COMMON.ACCEPT.INAPP.PAYMENT TransId=120090216880
2026-09-16 10:13:16.668 UTC  [INFORMATION]  ProcessPayment Completed. TransId=120090216880, CustomerId=1502747, OrderGuid=9b3f6a12-a63f-4f5b-9534-930073398aa0
2026-09-16 10:19:00.216 UTC  [INFORMATION]  ProcessPayment: Started  CustomerId=1502747, OrderGuid=8becd4b4-6294-42ea-99f7-4796b76b3f5e, IsCustomOrder=True CustomOrderNumber=26339, AuthorizenetHostedaymentDataValue=eyJjb2RlIjoiNTBfMl8wNjAwMDUyMEFFNjE4NjZDRTU4RDQ4OTU5RDUxRjc5QkZBNjE2QzM4NjRFOEVEODc3REFCNzE1NEQ1RUUwRTVGOTlEMDYwQTBBODQ0Nzk4NDk1RTBENjhBQjZEQ0MzMDA3NDQyRTFCIiwidG9rZW4iOiI5MTYxMjkzMDIxNTk3MjczODcxNjA3IiwidiI6IjEuMSJ9 AuthorizenetHostedPaymentdataDescriptor=COMMON.ACCEPT.INAPP.PAYMENT
2026-09-16 10:19:00.217 UTC  [INFORMATION]  ProcessPayment: Going to process Transaction, CustomerId=1502747, OrderGuid=8becd4b4-6294-42ea-99f7-4796b76b3f5e, IsCustomOrder=True CustomOrderNumber=26339, AuthorizenetHostedaymentDataValue=eyJjb2RlIjoiNTBfMl8wNjAwMDUyMEFFNjE4NjZDRTU4RDQ4OTU5RDUxRjc5QkZBNjE2QzM4NjRFOEVEODc3REFCNzE1NEQ1RUUwRTVGOTlEMDYwQTBBODQ0Nzk4NDk1RTBENjhBQjZEQ0MzMDA3NDQyRTFCIiwidG9rZW4iOiI5MTYxMjkzMDIxNTk3MjczODcxNjA3IiwidiI6IjEuMSJ9 AuthorizenetHostedPaymentdataDescriptor=COMMON.ACCEPT.INAPP.PAYMENT
2026-09-16 10:19:01.904 UTC  [INFORMATION]  ProcessPayment: Transaction processed successfully, CustomerId=1502747, OrderGuid=8becd4b4-6294-42ea-99f7-4796b76b3f5e, IsCustomOrder=True CustomOrderNumber=26339, AuthorizenetHostedaymentDataValue=eyJjb2RlIjoiNTBfMl8wNjAwMDUyMEFFNjE4NjZDRTU4RDQ4OTU5RDUxRjc5QkZBNjE2QzM4NjRFOEVEODc3REFCNzE1NEQ1RUUwRTVGOTlEMDYwQTBBODQ0Nzk4NDk1RTBENjhBQjZEQ0MzMDA3NDQyRTFCIiwidG9rZW4iOiI5MTYxMjkzMDIxNTk3MjczODcxNjA3IiwidiI6IjEuMSJ9 AuthorizenetHostedPaymentdataDescriptor=COMMON.ACCEPT.INAPP.PAYMENT
2026-09-16 10:19:01.916 UTC  [INFORMATION]  ProcessPayment: Process started to create CIM 120090217019 CustomerId=1502747, OrderGuid=8becd4b4-6294-42ea-99f7-4796b76b3f5e, IsCustomOrder=True CustomOrderNumber=26339, AuthorizenetHostedaymentDataValue=eyJjb2RlIjoiNTBfMl8wNjAwMDUyMEFFNjE4NjZDRTU4RDQ4OTU5RDUxRjc5QkZBNjE2QzM4NjRFOEVEODc3REFCNzE1NEQ1RUUwRTVGOTlEMDYwQTBBODQ0Nzk4NDk1RTBENjhBQjZEQ0MzMDA3NDQyRTFCIiwidG9rZW4iOiI5MTYxMjkzMDIxNTk3MjczODcxNjA3IiwidiI6IjEuMSJ9 AuthorizenetHostedPaymentdataDescriptor=COMMON.ACCEPT.INAPP.PAYMENT TransId=120090217019
2026-09-16 10:19:01.917 UTC  [INFORMATION]  CreateProfileFromTransaction started. CustomerId=1502747, TransId=120090217019, ExistingProfileId=937766675
2026-09-16 10:19:02.928 UTC  [INFORMATION]  CreateProfileFromTransaction message. TransId=120090217019, Code=I00001, Text=Successful.
2026-09-16 10:19:02.929 UTC  [INFORMATION]  CreateProfileFromTransaction succeeded. CustomerId=1502747, TransId=120090217019, CustomerProfileId=937766675, PaymentProfileId=937108311
2026-09-16 10:19:02.939 UTC  [INFORMATION]  Payment Profile: Process Complete to create CIM 120090217019 CustomerId=1502747, OrderGuid=8becd4b4-6294-42ea-99f7-4796b76b3f5e, IsCustomOrder=True CustomOrderNumber=26339, AuthorizenetHostedaymentDataValue=eyJjb2RlIjoiNTBfMl8wNjAwMDUyMEFFNjE4NjZDRTU4RDQ4OTU5RDUxRjc5QkZBNjE2QzM4NjRFOEVEODc3REFCNzE1NEQ1RUUwRTVGOTlEMDYwQTBBODQ0Nzk4NDk1RTBENjhBQjZEQ0MzMDA3NDQyRTFCIiwidG9rZW4iOiI5MTYxMjkzMDIxNTk3MjczODcxNjA3IiwidiI6IjEuMSJ9 AuthorizenetHostedPaymentdataDescriptor=COMMON.ACCEPT.INAPP.PAYMENT TransId=120090217019
2026-09-16 10:19:02.940 UTC  [INFORMATION]  ProcessPayment Completed. TransId=120090217019, CustomerId=1502747, OrderGuid=8becd4b4-6294-42ea-99f7-4796b76b3f5e
2026-09-16 10:22:51.478 UTC  [INFORMATION]  ProcessPayment: Started  CustomerId=1502747, OrderGuid=7613174d-e26f-402f-9c9b-8c8cfffac5b9, IsCustomOrder=True CustomOrderNumber=26340, AuthorizenetHostedaymentDataValue=eyJjb2RlIjoiNTBfMl8wNjAwMDUzQjkyQThCNDc3NDlBOTVBNDBFQzYzNjA2QjBBQTJBOEQwQUVFQ0RDNkFBMjE5NkQzQjRBQjUwRjFCQ0JFQTE1NDM5ODcxQjk3QzgyN0NDMzFCREIzNkYwNTRBODc4RDIwIiwidG9rZW4iOiI5MTYxMjU5NzUzODUzMDEzMjAyMjkzIiwidiI6IjEuMSJ9 AuthorizenetHostedPaymentdataDescriptor=COMMON.ACCEPT.INAPP.PAYMENT
2026-09-16 10:22:51.479 UTC  [INFORMATION]  ProcessPayment: Going to process Transaction, CustomerId=1502747, OrderGuid=7613174d-e26f-402f-9c9b-8c8cfffac5b9, IsCustomOrder=True CustomOrderNumber=26340, AuthorizenetHostedaymentDataValue=eyJjb2RlIjoiNTBfMl8wNjAwMDUzQjkyQThCNDc3NDlBOTVBNDBFQzYzNjA2QjBBQTJBOEQwQUVFQ0RDNkFBMjE5NkQzQjRBQjUwRjFCQ0JFQTE1NDM5ODcxQjk3QzgyN0NDMzFCREIzNkYwNTRBODc4RDIwIiwidG9rZW4iOiI5MTYxMjU5NzUzODUzMDEzMjAyMjkzIiwidiI6IjEuMSJ9 AuthorizenetHostedPaymentdataDescriptor=COMMON.ACCEPT.INAPP.PAYMENT
2026-09-16 10:22:53.371 UTC  [INFORMATION]  ProcessPayment: Transaction processed successfully, CustomerId=1502747, OrderGuid=7613174d-e26f-402f-9c9b-8c8cfffac5b9, IsCustomOrder=True CustomOrderNumber=26340, AuthorizenetHostedaymentDataValue=eyJjb2RlIjoiNTBfMl8wNjAwMDUzQjkyQThCNDc3NDlBOTVBNDBFQzYzNjA2QjBBQTJBOEQwQUVFQ0RDNkFBMjE5NkQzQjRBQjUwRjFCQ0JFQTE1NDM5ODcxQjk3QzgyN0NDMzFCREIzNkYwNTRBODc4RDIwIiwidG9rZW4iOiI5MTYxMjU5NzUzODUzMDEzMjAyMjkzIiwidiI6IjEuMSJ9 AuthorizenetHostedPaymentdataDescriptor=COMMON.ACCEPT.INAPP.PAYMENT
2026-09-16 10:22:53.384 UTC  [INFORMATION]  ProcessPayment: Process started to create CIM 120090217210 CustomerId=1502747, OrderGuid=7613174d-e26f-402f-9c9b-8c8cfffac5b9, IsCustomOrder=True CustomOrderNumber=26340, AuthorizenetHostedaymentDataValue=eyJjb2RlIjoiNTBfMl8wNjAwMDUzQjkyQThCNDc3NDlBOTVBNDBFQzYzNjA2QjBBQTJBOEQwQUVFQ0RDNkFBMjE5NkQzQjRBQjUwRjFCQ0JFQTE1NDM5ODcxQjk3QzgyN0NDMzFCREIzNkYwNTRBODc4RDIwIiwidG9rZW4iOiI5MTYxMjU5NzUzODUzMDEzMjAyMjkzIiwidiI6IjEuMSJ9 AuthorizenetHostedPaymentdataDescriptor=COMMON.ACCEPT.INAPP.PAYMENT TransId=120090217210
2026-09-16 10:22:53.385 UTC  [INFORMATION]  CreateProfileFromTransaction started. CustomerId=1502747, TransId=120090217210, ExistingProfileId=937766675
2026-09-16 10:22:54.339 UTC  [INFORMATION]  CreateProfileFromTransaction message. TransId=120090217210, Code=I00001, Text=Successful.
2026-09-16 10:22:54.343 UTC  [INFORMATION]  CreateProfileFromTransaction succeeded. CustomerId=1502747, TransId=120090217210, CustomerProfileId=937766675, PaymentProfileId=937108311
2026-09-16 10:22:54.349 UTC  [INFORMATION]  Payment Profile: Process Complete to create CIM 120090217210 CustomerId=1502747, OrderGuid=7613174d-e26f-402f-9c9b-8c8cfffac5b9, IsCustomOrder=True CustomOrderNumber=26340, AuthorizenetHostedaymentDataValue=eyJjb2RlIjoiNTBfMl8wNjAwMDUzQjkyQThCNDc3NDlBOTVBNDBFQzYzNjA2QjBBQTJBOEQwQUVFQ0RDNkFBMjE5NkQzQjRBQjUwRjFCQ0JFQTE1NDM5ODcxQjk3QzgyN0NDMzFCREIzNkYwNTRBODc4RDIwIiwidG9rZW4iOiI5MTYxMjU5NzUzODUzMDEzMjAyMjkzIiwidiI6IjEuMSJ9 AuthorizenetHostedPaymentdataDescriptor=COMMON.ACCEPT.INAPP.PAYMENT TransId=120090217210
2026-09-16 10:22:54.350 UTC  [INFORMATION]  ProcessPayment Completed. TransId=120090217210, CustomerId=1502747, OrderGuid=7613174d-e26f-402f-9c9b-8c8cfffac5b9
2026-09-16 11:45:06.359 UTC  [INFORMATION]  Hosted payment token generation started. 
2026-09-16 11:45:07.853 UTC  [INFORMATION]  Hosted payment token generated successfully. OrderGuid=52852863-1389-40f3-af4a-38d75854f32e, TokenLength=2981
2026-09-16 11:45:07.854 UTC  [INFORMATION]  Hosted payment page initialized successfully. OrderGuid=52852863-1389-40f3-af4a-38d75854f32e
2026-09-16 11:46:08.677 UTC  [INFORMATION]  GetToken: hosted payment token refresh started. 
2026-09-16 11:46:09.149 UTC  [INFORMATION]  GetToken: new hosted payment token generated successfully for iframe reload. OrderGuid=09175ea4-7388-4a4b-9510-e9c6bdce87a0, TokenLength=2981
2026-09-16 11:47:09.706 UTC  [INFORMATION]  GetToken: hosted payment token refresh started. 
2026-09-16 11:47:10.937 UTC  [INFORMATION]  GetToken: new hosted payment token generated successfully for iframe reload. OrderGuid=09175ea4-7388-4a4b-9510-e9c6bdce87a0, TokenLength=2981
2026-09-16 11:48:11.655 UTC  [INFORMATION]  GetToken: hosted payment token refresh started. 
2026-09-16 11:48:12.178 UTC  [INFORMATION]  GetToken: new hosted payment token generated successfully for iframe reload. OrderGuid=09175ea4-7388-4a4b-9510-e9c6bdce87a0, TokenLength=2981
2026-09-16 11:51:17.508 UTC  [INFORMATION]  GetToken: hosted payment token refresh started. 
2026-09-16 11:51:17.869 UTC  [ERROR]  Hosted payment token generation failed. OrderGuid=789a6648-9910-40da-b638-2454c21a0ae5, Error=Value cannot be null. (Parameter 'customer')CustomerId=1502748payload=
    Exception: ArgumentNullException - Value cannot be null. (Parameter 'customer')
    StackTrace:    at System.ArgumentNullException.Throw(String paramName)
   at System.ArgumentNullException.ThrowIfNull(Object argument, String paramName)
   at Nop.Services.Customers.CustomerService.IsInCustomerRoleAsync(Customer customer, String customerRoleSystemName, Boolean onlyActiveCustomerRoles) in D:\Mind web Tree\Slc4.9\Source Code\Libraries\Nop.Services\Customers\CustomerService.cs:line 1308
   at Nop.Services.Customers.CustomerService.IsRegisteredAsync(Customer customer, Boolean onlyActiveCustomerRoles) in D:\Mind web Tree\Slc4.9\Source Code\Libraries\Nop.Services\Customers\CustomerService.cs:line 1355
   at MWT.Nop.Core.Services.Customers.CustomerExtendedService.IsCustomerEligibleForMemberShipDiscount(Customer customer) in D:\Mind web Tree\Slc4.9\Source Code\MWT.Nop.Core\Services\Customers\CustomerExtendedService.cs:line 54
   at MWT.Nop.Core.Services.Orders.OrderTotalCalculationExtendedService.GetCustomBuyMoreSaveMoreDiscountAndMemberShipDiscountAsync(IList`1 cart, Boolean isOrderTotalpassed, Decimal subTotalIncTax, Decimal subTotalExcTax) in D:\Mind web Tree\Slc4.9\Source Code\MWT.Nop.Core\Services\Orders\OrderTotalCalculationExtendedService.cs:line 245
   at MWT.Nop.Core.Services.Orders.OrderTotalCalculationExtendedService.GetShoppingCartTotalAsync(IList`1 cart, Nullable`1 useRewardPoints, Boolean usePaymentMethodAdditionalFee) in D:\Mind web Tree\Slc4.9\Source Code\MWT.Nop.Core\Services\Orders\OrderTotalCalculationExtendedService.cs:line 1055
   at Nop.Plugin.Payments.AuthorizeNetHosted.Services.AuthorizeNetManager.GetHostedFormToken(Int32 invoiceId, Object additionalData) in D:\Mind web Tree\Slc4.9\Source Code\Plugins\Nop.Plugin.Payments.AuthorizeNetHosted\Services\AuthorizeNetManager.cs:line 588
2026-09-16 11:51:18.022 UTC  [ERROR]  GetToken: hosted payment token refresh failed. OrderGuid=8f3c3f19-787e-4911-aea2-3a2bf34543ca, Error=Value cannot be null. (Parameter 'customer')
    Exception: ArgumentNullException - Value cannot be null. (Parameter 'customer')
    StackTrace:    at Nop.Plugin.Payments.AuthorizeNetHosted.Services.AuthorizeNetManager.GetHostedFormToken(Int32 invoiceId, Object additionalData) in D:\Mind web Tree\Slc4.9\Source Code\Plugins\Nop.Plugin.Payments.AuthorizeNetHosted\Services\AuthorizeNetManager.cs:line 709
   at Nop.Plugin.Payments.AuthorizeNetHosted.Controllers.AuthorizeNetHostedPaymentController.GetToken(Int32 invoiceId) in D:\Mind web Tree\Slc4.9\Source Code\Plugins\Nop.Plugin.Payments.AuthorizeNetHosted\Controllers\AuthorizeNetHostedPaymentController.cs:line 214
2026-09-16 12:03:23.937 UTC  [INFORMATION]  Hosted payment token generation started. 
2026-09-16 12:03:25.243 UTC  [INFORMATION]  Hosted payment token generated successfully. OrderGuid=4ce52d73-71af-47d7-937c-e3d429d30176, TokenLength=2981
2026-09-16 12:03:25.244 UTC  [INFORMATION]  Hosted payment page initialized successfully. OrderGuid=4ce52d73-71af-47d7-937c-e3d429d30176
2026-09-16 12:04:07.221 UTC  [INFORMATION]  Hosted payment token generation started. 
2026-09-16 12:04:07.634 UTC  [INFORMATION]  Hosted payment token generated successfully. OrderGuid=4d36983e-d3a1-44ae-991d-aa45171310bc, TokenLength=2981
2026-09-16 12:04:07.636 UTC  [INFORMATION]  Hosted payment page initialized successfully. OrderGuid=4d36983e-d3a1-44ae-991d-aa45171310bc
2026-09-16 12:05:44.875 UTC  [INFORMATION]  GetToken: hosted payment token refresh started. 
2026-09-16 12:05:45.851 UTC  [INFORMATION]  GetToken: new hosted payment token generated successfully for iframe reload. OrderGuid=4fb5746e-c085-4c23-bc69-1768c78562bc, TokenLength=2981
2026-09-16 12:06:46.272 UTC  [INFORMATION]  GetToken: hosted payment token refresh started. 
2026-09-16 12:06:46.670 UTC  [INFORMATION]  GetToken: new hosted payment token generated successfully for iframe reload. OrderGuid=4fb5746e-c085-4c23-bc69-1768c78562bc, TokenLength=2981
2026-09-16 12:07:50.222 UTC  [INFORMATION]  GetToken: hosted payment token refresh started. 
2026-09-16 12:07:53.736 UTC  [INFORMATION]  GetToken: new hosted payment token generated successfully for iframe reload. OrderGuid=4fb5746e-c085-4c23-bc69-1768c78562bc, TokenLength=2981
2026-09-16 12:08:11.618 UTC  [INFORMATION]  Hosted payment token generation started. 
2026-09-16 12:08:12.050 UTC  [INFORMATION]  Hosted payment token generated successfully. OrderGuid=77de91c1-10e2-40b2-8d77-299c564d118e, TokenLength=2981
2026-09-16 12:08:12.050 UTC  [INFORMATION]  Hosted payment page initialized successfully. OrderGuid=77de91c1-10e2-40b2-8d77-299c564d118e
2026-09-16 12:08:15.227 UTC  [INFORMATION]  Hosted payment token generation started. 
2026-09-16 12:08:15.646 UTC  [INFORMATION]  Hosted payment token generated successfully. OrderGuid=77de91c1-10e2-40b2-8d77-299c564d118e, TokenLength=2981
2026-09-16 12:08:15.647 UTC  [INFORMATION]  Hosted payment page initialized successfully. OrderGuid=77de91c1-10e2-40b2-8d77-299c564d118e
2026-09-16 12:09:13.103 UTC  [INFORMATION]  GetToken: hosted payment token refresh started. 
2026-09-16 12:09:13.778 UTC  [ERROR]  Hosted payment token generation failed. OrderGuid=e8d4fb62-808b-46f8-8abd-110422546b90, Error=Value cannot be null. (Parameter 'customer')CustomerId=1502748payload=
    Exception: ArgumentNullException - Value cannot be null. (Parameter 'customer')
    StackTrace:    at System.ArgumentNullException.Throw(String paramName)
   at System.ArgumentNullException.ThrowIfNull(Object argument, String paramName)
   at Nop.Services.Customers.CustomerService.IsInCustomerRoleAsync(Customer customer, String customerRoleSystemName, Boolean onlyActiveCustomerRoles) in D:\Mind web Tree\Slc4.9\Source Code\Libraries\Nop.Services\Customers\CustomerService.cs:line 1308
   at Nop.Services.Customers.CustomerService.IsRegisteredAsync(Customer customer, Boolean onlyActiveCustomerRoles) in D:\Mind web Tree\Slc4.9\Source Code\Libraries\Nop.Services\Customers\CustomerService.cs:line 1355
   at MWT.Nop.Core.Services.Customers.CustomerExtendedService.IsCustomerEligibleForMemberShipDiscount(Customer customer) in D:\Mind web Tree\Slc4.9\Source Code\MWT.Nop.Core\Services\Customers\CustomerExtendedService.cs:line 54
   at MWT.Nop.Core.Services.Orders.OrderTotalCalculationExtendedService.GetCustomBuyMoreSaveMoreDiscountAndMemberShipDiscountAsync(IList`1 cart, Boolean isOrderTotalpassed, Decimal subTotalIncTax, Decimal subTotalExcTax) in D:\Mind web Tree\Slc4.9\Source Code\MWT.Nop.Core\Services\Orders\OrderTotalCalculationExtendedService.cs:line 245
   at MWT.Nop.Core.Services.Orders.OrderTotalCalculationExtendedService.GetShoppingCartTotalAsync(IList`1 cart, Nullable`1 useRewardPoints, Boolean usePaymentMethodAdditionalFee) in D:\Mind web Tree\Slc4.9\Source Code\MWT.Nop.Core\Services\Orders\OrderTotalCalculationExtendedService.cs:line 1055
   at Nop.Plugin.Payments.AuthorizeNetHosted.Services.AuthorizeNetManager.GetHostedFormToken(Int32 invoiceId, Object additionalData) in D:\Mind web Tree\Slc4.9\Source Code\Plugins\Nop.Plugin.Payments.AuthorizeNetHosted\Services\AuthorizeNetManager.cs:line 588
2026-09-16 12:09:13.893 UTC  [ERROR]  GetToken: hosted payment token refresh failed. OrderGuid=d9016727-5588-4b71-9336-03dd0f543edc, Error=Value cannot be null. (Parameter 'customer')
    Exception: ArgumentNullException - Value cannot be null. (Parameter 'customer')
    StackTrace:    at Nop.Plugin.Payments.AuthorizeNetHosted.Services.AuthorizeNetManager.GetHostedFormToken(Int32 invoiceId, Object additionalData) in D:\Mind web Tree\Slc4.9\Source Code\Plugins\Nop.Plugin.Payments.AuthorizeNetHosted\Services\AuthorizeNetManager.cs:line 709
   at Nop.Plugin.Payments.AuthorizeNetHosted.Controllers.AuthorizeNetHostedPaymentController.GetToken(Int32 invoiceId) in D:\Mind web Tree\Slc4.9\Source Code\Plugins\Nop.Plugin.Payments.AuthorizeNetHosted\Controllers\AuthorizeNetHostedPaymentController.cs:line 214
2026-09-16 12:10:50.463 UTC  [INFORMATION]  Hosted payment token generation started. 
2026-09-16 12:10:51.566 UTC  [INFORMATION]  Hosted payment token generated successfully. OrderGuid=4f676cd0-c6bb-4102-875b-5ce3e87f1b6f, TokenLength=2981
2026-09-16 12:10:51.566 UTC  [INFORMATION]  Hosted payment page initialized successfully. OrderGuid=4f676cd0-c6bb-4102-875b-5ce3e87f1b6f
2026-09-16 12:16:37.406 UTC  [INFORMATION]  ProcessPayment: Started  CustomerId=1502750, OrderGuid=cd5e09fe-3742-4a3d-8b19-4fc11f95cba6, IsCustomOrder=True CustomOrderNumber=26341, AuthorizenetHostedaymentDataValue=eyJjb2RlIjoiNTBfMl8wNjAwMDUzRjI4QkZGRDgxQkY2MUQ1MTRCQTZGOTdDQ0QwNzQzRjlDQjIzQUI4OUQ4M0I5Q0NGODY4OEExQzU4MjA5Qzg1NjVDRjlFMDhCMjRCMjdEMjE2RDZENEIyREVBQTEyOURCIiwidG9rZW4iOiI5MjQ3Mjk0NTQwNjUzOTI2NjQzMjQ0IiwidiI6IjEuMSJ9 AuthorizenetHostedPaymentdataDescriptor=COMMON.ACCEPT.INAPP.PAYMENT
2026-09-16 12:16:37.406 UTC  [INFORMATION]  ProcessPayment: Going to process Transaction, CustomerId=1502750, OrderGuid=cd5e09fe-3742-4a3d-8b19-4fc11f95cba6, IsCustomOrder=True CustomOrderNumber=26341, AuthorizenetHostedaymentDataValue=eyJjb2RlIjoiNTBfMl8wNjAwMDUzRjI4QkZGRDgxQkY2MUQ1MTRCQTZGOTdDQ0QwNzQzRjlDQjIzQUI4OUQ4M0I5Q0NGODY4OEExQzU4MjA5Qzg1NjVDRjlFMDhCMjRCMjdEMjE2RDZENEIyREVBQTEyOURCIiwidG9rZW4iOiI5MjQ3Mjk0NTQwNjUzOTI2NjQzMjQ0IiwidiI6IjEuMSJ9 AuthorizenetHostedPaymentdataDescriptor=COMMON.ACCEPT.INAPP.PAYMENT
2026-09-16 12:16:39.245 UTC  [INFORMATION]  ProcessPayment: Transaction processed successfully, CustomerId=1502750, OrderGuid=cd5e09fe-3742-4a3d-8b19-4fc11f95cba6, IsCustomOrder=True CustomOrderNumber=26341, AuthorizenetHostedaymentDataValue=eyJjb2RlIjoiNTBfMl8wNjAwMDUzRjI4QkZGRDgxQkY2MUQ1MTRCQTZGOTdDQ0QwNzQzRjlDQjIzQUI4OUQ4M0I5Q0NGODY4OEExQzU4MjA5Qzg1NjVDRjlFMDhCMjRCMjdEMjE2RDZENEIyREVBQTEyOURCIiwidG9rZW4iOiI5MjQ3Mjk0NTQwNjUzOTI2NjQzMjQ0IiwidiI6IjEuMSJ9 AuthorizenetHostedPaymentdataDescriptor=COMMON.ACCEPT.INAPP.PAYMENT
2026-09-16 12:16:39.261 UTC  [INFORMATION]  ProcessPayment: Process started to create CIM 120090221150 CustomerId=1502750, OrderGuid=cd5e09fe-3742-4a3d-8b19-4fc11f95cba6, IsCustomOrder=True CustomOrderNumber=26341, AuthorizenetHostedaymentDataValue=eyJjb2RlIjoiNTBfMl8wNjAwMDUzRjI4QkZGRDgxQkY2MUQ1MTRCQTZGOTdDQ0QwNzQzRjlDQjIzQUI4OUQ4M0I5Q0NGODY4OEExQzU4MjA5Qzg1NjVDRjlFMDhCMjRCMjdEMjE2RDZENEIyREVBQTEyOURCIiwidG9rZW4iOiI5MjQ3Mjk0NTQwNjUzOTI2NjQzMjQ0IiwidiI6IjEuMSJ9 AuthorizenetHostedPaymentdataDescriptor=COMMON.ACCEPT.INAPP.PAYMENT TransId=120090221150
2026-09-16 12:16:39.264 UTC  [INFORMATION]  CreateProfileFromTransaction started. CustomerId=1502750, TransId=120090221150, ExistingProfileId=
2026-09-16 12:16:39.970 UTC  [INFORMATION]  CreateProfileFromTransaction message. TransId=120090221150, Code=I00001, Text=Successful.
2026-09-16 12:16:39.971 UTC  [INFORMATION]  CreateProfileFromTransaction succeeded. CustomerId=1502750, TransId=120090221150, CustomerProfileId=937768150, PaymentProfileId=937110024
2026-09-16 12:16:39.995 UTC  [INFORMATION]  Payment Profile: Process Complete to create CIM 120090221150 CustomerId=1502750, OrderGuid=cd5e09fe-3742-4a3d-8b19-4fc11f95cba6, IsCustomOrder=True CustomOrderNumber=26341, AuthorizenetHostedaymentDataValue=eyJjb2RlIjoiNTBfMl8wNjAwMDUzRjI4QkZGRDgxQkY2MUQ1MTRCQTZGOTdDQ0QwNzQzRjlDQjIzQUI4OUQ4M0I5Q0NGODY4OEExQzU4MjA5Qzg1NjVDRjlFMDhCMjRCMjdEMjE2RDZENEIyREVBQTEyOURCIiwidG9rZW4iOiI5MjQ3Mjk0NTQwNjUzOTI2NjQzMjQ0IiwidiI6IjEuMSJ9 AuthorizenetHostedPaymentdataDescriptor=COMMON.ACCEPT.INAPP.PAYMENT TransId=120090221150
2026-09-16 12:16:39.995 UTC  [INFORMATION]  ProcessPayment Completed. TransId=120090221150, CustomerId=1502750, OrderGuid=cd5e09fe-3742-4a3d-8b19-4fc11f95cba6
2026-09-16 12:20:43.099 UTC  [INFORMATION]  ProcessPayment: Started  CustomerId=1502751, OrderGuid=9522187c-dfd0-4d65-a9e2-0494adea302b, IsCustomOrder=True CustomOrderNumber=26342, AuthorizenetHostedaymentDataValue=eyJjb2RlIjoiNTBfMl8wNjAwMDUyMjVEMDYyQjIyQzJCMDVGOTI3M0U1QzUzNUY1OEJFRkQ5N0VDNDQwRjdBMkMyMDhFQkM0NjFERUM1NjZGQjc0RDRBQUIwQ0U2N0QzNUQ0RjI0NjU2NThCMTc3MzNENTRCIiwidG9rZW4iOiI5MjQ3MTQzMTY1Njc1Mjg4MzcyNjc3IiwidiI6IjEuMSJ9 AuthorizenetHostedPaymentdataDescriptor=COMMON.ACCEPT.INAPP.PAYMENT
2026-09-16 12:20:43.099 UTC  [INFORMATION]  ProcessPayment: Going to process Transaction, CustomerId=1502751, OrderGuid=9522187c-dfd0-4d65-a9e2-0494adea302b, IsCustomOrder=True CustomOrderNumber=26342, AuthorizenetHostedaymentDataValue=eyJjb2RlIjoiNTBfMl8wNjAwMDUyMjVEMDYyQjIyQzJCMDVGOTI3M0U1QzUzNUY1OEJFRkQ5N0VDNDQwRjdBMkMyMDhFQkM0NjFERUM1NjZGQjc0RDRBQUIwQ0U2N0QzNUQ0RjI0NjU2NThCMTc3MzNENTRCIiwidG9rZW4iOiI5MjQ3MTQzMTY1Njc1Mjg4MzcyNjc3IiwidiI6IjEuMSJ9 AuthorizenetHostedPaymentdataDescriptor=COMMON.ACCEPT.INAPP.PAYMENT
2026-09-16 12:20:44.408 UTC  [INFORMATION]  ProcessPayment: Transaction processed successfully, CustomerId=1502751, OrderGuid=9522187c-dfd0-4d65-a9e2-0494adea302b, IsCustomOrder=True CustomOrderNumber=26342, AuthorizenetHostedaymentDataValue=eyJjb2RlIjoiNTBfMl8wNjAwMDUyMjVEMDYyQjIyQzJCMDVGOTI3M0U1QzUzNUY1OEJFRkQ5N0VDNDQwRjdBMkMyMDhFQkM0NjFERUM1NjZGQjc0RDRBQUIwQ0U2N0QzNUQ0RjI0NjU2NThCMTc3MzNENTRCIiwidG9rZW4iOiI5MjQ3MTQzMTY1Njc1Mjg4MzcyNjc3IiwidiI6IjEuMSJ9 AuthorizenetHostedPaymentdataDescriptor=COMMON.ACCEPT.INAPP.PAYMENT
2026-09-16 12:20:44.427 UTC  [INFORMATION]  ProcessPayment: Process started to create CIM 120090221265 CustomerId=1502751, OrderGuid=9522187c-dfd0-4d65-a9e2-0494adea302b, IsCustomOrder=True CustomOrderNumber=26342, AuthorizenetHostedaymentDataValue=eyJjb2RlIjoiNTBfMl8wNjAwMDUyMjVEMDYyQjIyQzJCMDVGOTI3M0U1QzUzNUY1OEJFRkQ5N0VDNDQwRjdBMkMyMDhFQkM0NjFERUM1NjZGQjc0RDRBQUIwQ0U2N0QzNUQ0RjI0NjU2NThCMTc3MzNENTRCIiwidG9rZW4iOiI5MjQ3MTQzMTY1Njc1Mjg4MzcyNjc3IiwidiI6IjEuMSJ9 AuthorizenetHostedPaymentdataDescriptor=COMMON.ACCEPT.INAPP.PAYMENT TransId=120090221265
2026-09-16 12:20:44.427 UTC  [INFORMATION]  CreateProfileFromTransaction started. CustomerId=1502751, TransId=120090221265, ExistingProfileId=
2026-09-16 12:20:45.011 UTC  [INFORMATION]  CreateProfileFromTransaction message. TransId=120090221265, Code=I00001, Text=Successful.
2026-09-16 12:20:45.013 UTC  [INFORMATION]  CreateProfileFromTransaction succeeded. CustomerId=1502751, TransId=120090221265, CustomerProfileId=937768220, PaymentProfileId=937110104
2026-09-16 12:20:45.027 UTC  [INFORMATION]  Payment Profile: Process Complete to create CIM 120090221265 CustomerId=1502751, OrderGuid=9522187c-dfd0-4d65-a9e2-0494adea302b, IsCustomOrder=True CustomOrderNumber=26342, AuthorizenetHostedaymentDataValue=eyJjb2RlIjoiNTBfMl8wNjAwMDUyMjVEMDYyQjIyQzJCMDVGOTI3M0U1QzUzNUY1OEJFRkQ5N0VDNDQwRjdBMkMyMDhFQkM0NjFERUM1NjZGQjc0RDRBQUIwQ0U2N0QzNUQ0RjI0NjU2NThCMTc3MzNENTRCIiwidG9rZW4iOiI5MjQ3MTQzMTY1Njc1Mjg4MzcyNjc3IiwidiI6IjEuMSJ9 AuthorizenetHostedPaymentdataDescriptor=COMMON.ACCEPT.INAPP.PAYMENT TransId=120090221265
2026-09-16 12:20:45.028 UTC  [INFORMATION]  ProcessPayment Completed. TransId=120090221265, CustomerId=1502751, OrderGuid=9522187c-dfd0-4d65-a9e2-0494adea302b
2026-09-16 12:46:51.506 UTC  [INFORMATION]  ProcessPayment: Started  CustomerId=1502753, OrderGuid=7fc70e81-2198-43cc-b945-af61e7711e96, IsCustomOrder=True CustomOrderNumber=26345, AuthorizenetHostedaymentDataValue=eyJjb2RlIjoiNTBfMl8wNjAwMDUyOThEOEI1QUQwOUQ0RjMyMENFQTY3QzQ2NUIyNTNFQUI0QTAxNTY1QTYwQzkzQTM0OTVENUU0MjI3NEVFNEM3NUYyQUU2Q0VFNzlGNDQyREM0NTE4M0NGQzlCMEZEOUJDIiwidG9rZW4iOiI5MjQ3Mjk5OTk0NDQzNTg5NTIyNDUzIiwidiI6IjEuMSJ9 AuthorizenetHostedPaymentdataDescriptor=COMMON.ACCEPT.INAPP.PAYMENT
2026-09-16 12:46:51.507 UTC  [INFORMATION]  ProcessPayment: Going to process Transaction, CustomerId=1502753, OrderGuid=7fc70e81-2198-43cc-b945-af61e7711e96, IsCustomOrder=True CustomOrderNumber=26345, AuthorizenetHostedaymentDataValue=eyJjb2RlIjoiNTBfMl8wNjAwMDUyOThEOEI1QUQwOUQ0RjMyMENFQTY3QzQ2NUIyNTNFQUI0QTAxNTY1QTYwQzkzQTM0OTVENUU0MjI3NEVFNEM3NUYyQUU2Q0VFNzlGNDQyREM0NTE4M0NGQzlCMEZEOUJDIiwidG9rZW4iOiI5MjQ3Mjk5OTk0NDQzNTg5NTIyNDUzIiwidiI6IjEuMSJ9 AuthorizenetHostedPaymentdataDescriptor=COMMON.ACCEPT.INAPP.PAYMENT
2026-09-16 12:46:53.371 UTC  [INFORMATION]  ProcessPayment: Transaction processed successfully, CustomerId=1502753, OrderGuid=7fc70e81-2198-43cc-b945-af61e7711e96, IsCustomOrder=True CustomOrderNumber=26345, AuthorizenetHostedaymentDataValue=eyJjb2RlIjoiNTBfMl8wNjAwMDUyOThEOEI1QUQwOUQ0RjMyMENFQTY3QzQ2NUIyNTNFQUI0QTAxNTY1QTYwQzkzQTM0OTVENUU0MjI3NEVFNEM3NUYyQUU2Q0VFNzlGNDQyREM0NTE4M0NGQzlCMEZEOUJDIiwidG9rZW4iOiI5MjQ3Mjk5OTk0NDQzNTg5NTIyNDUzIiwidiI6IjEuMSJ9 AuthorizenetHostedPaymentdataDescriptor=COMMON.ACCEPT.INAPP.PAYMENT
2026-09-16 12:46:53.384 UTC  [INFORMATION]  ProcessPayment: Process started to create CIM 120090222104 CustomerId=1502753, OrderGuid=7fc70e81-2198-43cc-b945-af61e7711e96, IsCustomOrder=True CustomOrderNumber=26345, AuthorizenetHostedaymentDataValue=eyJjb2RlIjoiNTBfMl8wNjAwMDUyOThEOEI1QUQwOUQ0RjMyMENFQTY3QzQ2NUIyNTNFQUI0QTAxNTY1QTYwQzkzQTM0OTVENUU0MjI3NEVFNEM3NUYyQUU2Q0VFNzlGNDQyREM0NTE4M0NGQzlCMEZEOUJDIiwidG9rZW4iOiI5MjQ3Mjk5OTk0NDQzNTg5NTIyNDUzIiwidiI6IjEuMSJ9 AuthorizenetHostedPaymentdataDescriptor=COMMON.ACCEPT.INAPP.PAYMENT TransId=120090222104
2026-09-16 12:46:53.386 UTC  [INFORMATION]  CreateProfileFromTransaction started. CustomerId=1502753, TransId=120090222104, ExistingProfileId=
2026-09-16 12:46:54.058 UTC  [INFORMATION]  CreateProfileFromTransaction message. TransId=120090222104, Code=I00001, Text=Successful.
2026-09-16 12:46:54.058 UTC  [INFORMATION]  CreateProfileFromTransaction succeeded. CustomerId=1502753, TransId=120090222104, CustomerProfileId=937768530, PaymentProfileId=937110530
2026-09-16 12:46:54.084 UTC  [INFORMATION]  Payment Profile: Process Complete to create CIM 120090222104 CustomerId=1502753, OrderGuid=7fc70e81-2198-43cc-b945-af61e7711e96, IsCustomOrder=True CustomOrderNumber=26345, AuthorizenetHostedaymentDataValue=eyJjb2RlIjoiNTBfMl8wNjAwMDUyOThEOEI1QUQwOUQ0RjMyMENFQTY3QzQ2NUIyNTNFQUI0QTAxNTY1QTYwQzkzQTM0OTVENUU0MjI3NEVFNEM3NUYyQUU2Q0VFNzlGNDQyREM0NTE4M0NGQzlCMEZEOUJDIiwidG9rZW4iOiI5MjQ3Mjk5OTk0NDQzNTg5NTIyNDUzIiwidiI6IjEuMSJ9 AuthorizenetHostedPaymentdataDescriptor=COMMON.ACCEPT.INAPP.PAYMENT TransId=120090222104
2026-09-16 12:46:54.084 UTC  [INFORMATION]  ProcessPayment Completed. TransId=120090222104, CustomerId=1502753, OrderGuid=7fc70e81-2198-43cc-b945-af61e7711e96
2026-09-16 13:19:02.104 UTC  [INFORMATION]  ProcessPayment: Started  CustomerId=1502753, OrderGuid=2b471cf1-1136-42d6-b8d6-d3527496adc5, IsCustomOrder=True CustomOrderNumber=27342, AuthorizenetHostedaymentDataValue=eyJjb2RlIjoiNTBfMl8wNjAwMDUyQjk1Mzk1NjhFOURCOTA2RjcyNzU0NTg1MzNFMjFCRTFERUUzMEM4RjhGNzk0RjBEMDNCRDVGRURBODZBNzMyQzJFM0Y5NzhENUM3MzUxQjgxM0M4NTM1OTA2MjYyMDcwIiwidG9rZW4iOiI5MjQ3MjAzMTQ4NTc4NjYxNDIyMzU2IiwidiI6IjEuMSJ9 AuthorizenetHostedPaymentdataDescriptor=COMMON.ACCEPT.INAPP.PAYMENT
2026-09-16 13:19:02.107 UTC  [INFORMATION]  ProcessPayment: Going to process Transaction, CustomerId=1502753, OrderGuid=2b471cf1-1136-42d6-b8d6-d3527496adc5, IsCustomOrder=True CustomOrderNumber=27342, AuthorizenetHostedaymentDataValue=eyJjb2RlIjoiNTBfMl8wNjAwMDUyQjk1Mzk1NjhFOURCOTA2RjcyNzU0NTg1MzNFMjFCRTFERUUzMEM4RjhGNzk0RjBEMDNCRDVGRURBODZBNzMyQzJFM0Y5NzhENUM3MzUxQjgxM0M4NTM1OTA2MjYyMDcwIiwidG9rZW4iOiI5MjQ3MjAzMTQ4NTc4NjYxNDIyMzU2IiwidiI6IjEuMSJ9 AuthorizenetHostedPaymentdataDescriptor=COMMON.ACCEPT.INAPP.PAYMENT
2026-09-16 13:19:03.981 UTC  [INFORMATION]  ProcessPayment: Transaction processed successfully, CustomerId=1502753, OrderGuid=2b471cf1-1136-42d6-b8d6-d3527496adc5, IsCustomOrder=True CustomOrderNumber=27342, AuthorizenetHostedaymentDataValue=eyJjb2RlIjoiNTBfMl8wNjAwMDUyQjk1Mzk1NjhFOURCOTA2RjcyNzU0NTg1MzNFMjFCRTFERUUzMEM4RjhGNzk0RjBEMDNCRDVGRURBODZBNzMyQzJFM0Y5NzhENUM3MzUxQjgxM0M4NTM1OTA2MjYyMDcwIiwidG9rZW4iOiI5MjQ3MjAzMTQ4NTc4NjYxNDIyMzU2IiwidiI6IjEuMSJ9 AuthorizenetHostedPaymentdataDescriptor=COMMON.ACCEPT.INAPP.PAYMENT
2026-09-16 13:19:04.008 UTC  [INFORMATION]  ProcessPayment: Process started to create CIM 120090223429 CustomerId=1502753, OrderGuid=2b471cf1-1136-42d6-b8d6-d3527496adc5, IsCustomOrder=True CustomOrderNumber=27342, AuthorizenetHostedaymentDataValue=eyJjb2RlIjoiNTBfMl8wNjAwMDUyQjk1Mzk1NjhFOURCOTA2RjcyNzU0NTg1MzNFMjFCRTFERUUzMEM4RjhGNzk0RjBEMDNCRDVGRURBODZBNzMyQzJFM0Y5NzhENUM3MzUxQjgxM0M4NTM1OTA2MjYyMDcwIiwidG9rZW4iOiI5MjQ3MjAzMTQ4NTc4NjYxNDIyMzU2IiwidiI6IjEuMSJ9 AuthorizenetHostedPaymentdataDescriptor=COMMON.ACCEPT.INAPP.PAYMENT TransId=120090223429
2026-09-16 13:19:04.010 UTC  [INFORMATION]  CreateProfileFromTransaction started. CustomerId=1502753, TransId=120090223429, ExistingProfileId=937768530
2026-09-16 13:19:05.140 UTC  [INFORMATION]  CreateProfileFromTransaction message. TransId=120090223429, Code=I00001, Text=Successful.
2026-09-16 13:19:05.140 UTC  [INFORMATION]  CreateProfileFromTransaction succeeded. CustomerId=1502753, TransId=120090223429, CustomerProfileId=937768530, PaymentProfileId=937110530
2026-09-16 13:19:05.162 UTC  [INFORMATION]  Payment Profile: Process Complete to create CIM 120090223429 CustomerId=1502753, OrderGuid=2b471cf1-1136-42d6-b8d6-d3527496adc5, IsCustomOrder=True CustomOrderNumber=27342, AuthorizenetHostedaymentDataValue=eyJjb2RlIjoiNTBfMl8wNjAwMDUyQjk1Mzk1NjhFOURCOTA2RjcyNzU0NTg1MzNFMjFCRTFERUUzMEM4RjhGNzk0RjBEMDNCRDVGRURBODZBNzMyQzJFM0Y5NzhENUM3MzUxQjgxM0M4NTM1OTA2MjYyMDcwIiwidG9rZW4iOiI5MjQ3MjAzMTQ4NTc4NjYxNDIyMzU2IiwidiI6IjEuMSJ9 AuthorizenetHostedPaymentdataDescriptor=COMMON.ACCEPT.INAPP.PAYMENT TransId=120090223429
2026-09-16 13:19:05.163 UTC  [INFORMATION]  ProcessPayment Completed. TransId=120090223429, CustomerId=1502753, OrderGuid=2b471cf1-1136-42d6-b8d6-d3527496adc5
