2026-09-03 07:34:31.999 UTC  [INFORMATION]  Hosted payment token generation started. 
2026-09-03 07:34:34.221 UTC  [INFORMATION]  Hosted payment token generated successfully. OrderGuid=bb47c654-ec39-4eba-93f6-9d4f12d090ab, TokenLength=3001
2026-09-03 07:34:34.224 UTC  [INFORMATION]  Hosted payment page initialized successfully. OrderGuid=bb47c654-ec39-4eba-93f6-9d4f12d090ab
2026-09-03 07:35:43.187 UTC  [INFORMATION]  Hosted payment token generation started. 
2026-09-03 07:35:44.797 UTC  [INFORMATION]  Hosted payment token generated successfully. OrderGuid=bc861081-fded-47fb-8739-5b2251171719, TokenLength=3001
2026-09-03 07:35:44.797 UTC  [INFORMATION]  Hosted payment page initialized successfully. OrderGuid=bc861081-fded-47fb-8739-5b2251171719
2026-09-03 07:38:39.663 UTC  [INFORMATION]  Hosted payment token generation started. 
2026-09-03 07:38:41.220 UTC  [INFORMATION]  Hosted payment token generated successfully. OrderGuid=8c004f74-64a8-4d0d-b7a5-19c0c30c5ef2, TokenLength=3001
2026-09-03 07:38:41.221 UTC  [INFORMATION]  Hosted payment page initialized successfully. OrderGuid=8c004f74-64a8-4d0d-b7a5-19c0c30c5ef2
2026-09-03 07:51:18.003 UTC  [INFORMATION]  Hosted payment token generation started. 
2026-09-03 07:51:20.003 UTC  [INFORMATION]  Hosted payment token generated successfully. OrderGuid=d94bb014-1e91-493b-a22c-ec9213883e03, TokenLength=3001
2026-09-03 07:51:20.004 UTC  [INFORMATION]  Hosted payment page initialized successfully. OrderGuid=d94bb014-1e91-493b-a22c-ec9213883e03
2026-09-03 07:58:19.417 UTC  [INFORMATION]  Hosted payment token generation started. 
2026-09-03 07:58:21.387 UTC  [INFORMATION]  Hosted payment token generated successfully. OrderGuid=2f43397c-876f-4ab4-9436-beba7df7a36f, TokenLength=3001
2026-09-03 07:58:21.387 UTC  [INFORMATION]  Hosted payment page initialized successfully. OrderGuid=2f43397c-876f-4ab4-9436-beba7df7a36f
2026-09-03 08:18:56.579 UTC  [INFORMATION]  Hosted payment token generation started. 
2026-09-03 08:19:00.023 UTC  [INFORMATION]  Hosted payment token generated successfully. OrderGuid=670218a1-2b4e-4b3d-bc45-265d13d64d39, TokenLength=2873
2026-09-03 08:19:00.025 UTC  [INFORMATION]  Hosted payment page initialized successfully. OrderGuid=670218a1-2b4e-4b3d-bc45-265d13d64d39
2026-09-03 10:05:20.653 UTC  [INFORMATION]  Hosted payment token generation started. 
2026-09-03 10:05:23.919 UTC  [INFORMATION]  Hosted payment token generated successfully. OrderGuid=4c6a401b-7085-4071-89a2-73baa2face1c, TokenLength=2873
2026-09-03 10:05:23.920 UTC  [INFORMATION]  Hosted payment page initialized successfully. OrderGuid=4c6a401b-7085-4071-89a2-73baa2face1c
2026-09-03 10:05:29.207 UTC  [INFORMATION]  Hosted payment token generation started. 
2026-09-03 10:05:29.746 UTC  [INFORMATION]  Hosted payment token generated successfully. OrderGuid=924079bd-f3e6-4191-8dc0-de999b54335f, TokenLength=2873
2026-09-03 10:05:29.747 UTC  [INFORMATION]  Hosted payment page initialized successfully. OrderGuid=924079bd-f3e6-4191-8dc0-de999b54335f
2026-09-03 10:54:51.446 UTC  [INFORMATION]  Hosted payment token generation started. 
2026-09-03 10:54:52.817 UTC  [INFORMATION]  Hosted payment token generated successfully. OrderGuid=dd329a00-dc58-44d0-955e-de085c6a9ba6, TokenLength=2957
2026-09-03 10:54:52.819 UTC  [INFORMATION]  Hosted payment page initialized successfully. OrderGuid=dd329a00-dc58-44d0-955e-de085c6a9ba6
2026-09-03 10:55:29.861 UTC  [INFORMATION]  Hosted payment token generation started. 
2026-09-03 10:55:30.813 UTC  [INFORMATION]  Hosted payment token generated successfully. OrderGuid=0563b393-98b1-4baf-b592-d14048035608, TokenLength=2957
2026-09-03 10:55:30.813 UTC  [INFORMATION]  Hosted payment page initialized successfully. OrderGuid=0563b393-98b1-4baf-b592-d14048035608
2026-09-03 10:56:13.900 UTC  [INFORMATION]  Hosted payment token generation started. 
2026-09-03 10:56:14.288 UTC  [INFORMATION]  Hosted payment token generated successfully. OrderGuid=08690733-9f0c-483e-ab9c-005792b209ba, TokenLength=2957
2026-09-03 10:56:14.290 UTC  [INFORMATION]  Hosted payment page initialized successfully. OrderGuid=08690733-9f0c-483e-ab9c-005792b209ba
2026-09-03 10:56:40.417 UTC  [INFORMATION]  Hosted payment token generation started. 
2026-09-03 10:56:40.818 UTC  [INFORMATION]  Hosted payment token generated successfully. OrderGuid=3e9c425e-0988-45d8-98be-3f4ed9afd3b3, TokenLength=2957
2026-09-03 10:56:40.819 UTC  [INFORMATION]  Hosted payment page initialized successfully. OrderGuid=3e9c425e-0988-45d8-98be-3f4ed9afd3b3
2026-09-03 11:02:30.123 UTC  [INFORMATION]  Hosted payment token generation started. 
2026-09-03 11:02:31.209 UTC  [INFORMATION]  Hosted payment token generated successfully. OrderGuid=7f48fd39-c330-4e53-bda5-28fd69bdbf6b, TokenLength=2957
2026-09-03 11:02:31.211 UTC  [INFORMATION]  Hosted payment page initialized successfully. OrderGuid=7f48fd39-c330-4e53-bda5-28fd69bdbf6b
2026-09-03 11:02:42.489 UTC  [INFORMATION]  Hosted payment token generation started. 
2026-09-03 11:02:42.904 UTC  [INFORMATION]  Hosted payment token generated successfully. OrderGuid=d7203989-9eba-4d37-a3c2-c65b0ebcd0ca, TokenLength=2957
2026-09-03 11:02:42.906 UTC  [INFORMATION]  Hosted payment page initialized successfully. OrderGuid=d7203989-9eba-4d37-a3c2-c65b0ebcd0ca
2026-09-03 11:02:53.139 UTC  [INFORMATION]  Hosted payment token generation started. 
2026-09-03 11:02:53.535 UTC  [INFORMATION]  Hosted payment token generated successfully. OrderGuid=2217040a-dbdf-4901-990f-45b3802eba59, TokenLength=2893
2026-09-03 11:02:53.536 UTC  [INFORMATION]  Hosted payment page initialized successfully. OrderGuid=2217040a-dbdf-4901-990f-45b3802eba59
2026-09-03 11:03:19.048 UTC  [INFORMATION]  Hosted payment token generation started. 
2026-09-03 11:03:19.430 UTC  [INFORMATION]  Hosted payment token generated successfully. OrderGuid=f846ec81-6045-4bfe-9cf6-ffdc094f7f53, TokenLength=2893
2026-09-03 11:03:19.430 UTC  [INFORMATION]  Hosted payment page initialized successfully. OrderGuid=f846ec81-6045-4bfe-9cf6-ffdc094f7f53
2026-09-03 11:41:48.810 UTC  [INFORMATION]  Hosted payment token generation started. 
2026-09-03 11:41:50.369 UTC  [INFORMATION]  Hosted payment token generated successfully. OrderGuid=63ccb12a-ebb2-4f84-a616-2fcb4b056fc9, TokenLength=2917
2026-09-03 11:41:50.370 UTC  [INFORMATION]  Hosted payment page initialized successfully. OrderGuid=63ccb12a-ebb2-4f84-a616-2fcb4b056fc9
2026-09-03 11:46:48.188 UTC  [INFORMATION]  Hosted payment token generation started. 
2026-09-03 11:46:49.171 UTC  [INFORMATION]  Hosted payment token generated successfully. OrderGuid=0de73442-ff79-4c16-bfc4-7e4faa6011ac, TokenLength=2917
2026-09-03 11:46:49.171 UTC  [INFORMATION]  Hosted payment page initialized successfully. OrderGuid=0de73442-ff79-4c16-bfc4-7e4faa6011ac
2026-09-03 11:47:15.983 UTC  [INFORMATION]  Hosted payment token generation started. 
2026-09-03 11:47:16.409 UTC  [INFORMATION]  Hosted payment token generated successfully. OrderGuid=ca525402-2fc3-420e-b5ba-f678ec1980e5, TokenLength=2917
2026-09-03 11:47:16.410 UTC  [INFORMATION]  Hosted payment page initialized successfully. OrderGuid=ca525402-2fc3-420e-b5ba-f678ec1980e5
2026-09-03 11:49:08.318 UTC  [INFORMATION]  Hosted payment token generation started. 
2026-09-03 11:49:09.367 UTC  [INFORMATION]  Hosted payment token generated successfully. OrderGuid=9b6403d6-0e50-496b-8ca3-d0f34a11e43e, TokenLength=2917
2026-09-03 11:49:09.368 UTC  [INFORMATION]  Hosted payment page initialized successfully. OrderGuid=9b6403d6-0e50-496b-8ca3-d0f34a11e43e
